Component: ARM Compiler 5.06 update 1 (build 61) Tool: armlink [4d35a8]

==============================================================================

Section Cross References

    startup_stm32f103xb.o(STACK) refers (Special) to heapauxi.o(.text) for __use_two_region_memory
    startup_stm32f103xb.o(HEAP) refers (Special) to heapauxi.o(.text) for __use_two_region_memory
    startup_stm32f103xb.o(RESET) refers (Special) to heapauxi.o(.text) for __use_two_region_memory
    startup_stm32f103xb.o(RESET) refers to startup_stm32f103xb.o(STACK) for __initial_sp
    startup_stm32f103xb.o(RESET) refers to startup_stm32f103xb.o(.text) for Reset_Handler
    startup_stm32f103xb.o(RESET) refers to stm32f1xx_it.o(i.NMI_Handler) for NMI_Handler
    startup_stm32f103xb.o(RESET) refers to stm32f1xx_it.o(i.HardFault_Handler) for HardFault_Handler
    startup_stm32f103xb.o(RESET) refers to stm32f1xx_it.o(i.MemManage_Handler) for MemManage_Handler
    startup_stm32f103xb.o(RESET) refers to stm32f1xx_it.o(i.BusFault_Handler) for BusFault_Handler
    startup_stm32f103xb.o(RESET) refers to stm32f1xx_it.o(i.UsageFault_Handler) for UsageFault_Handler
    startup_stm32f103xb.o(RESET) refers to port.o(.emb_text) for SVC_Handler
    startup_stm32f103xb.o(RESET) refers to stm32f1xx_it.o(i.DebugMon_Handler) for DebugMon_Handler
    startup_stm32f103xb.o(RESET) refers to stm32f1xx_it.o(i.SysTick_Handler) for SysTick_Handler
    startup_stm32f103xb.o(RESET) refers to stm32f1xx_it.o(i.ADC1_2_IRQHandler) for ADC1_2_IRQHandler
    startup_stm32f103xb.o(RESET) refers to stm32f1xx_it.o(i.TIM2_IRQHandler) for TIM2_IRQHandler
    startup_stm32f103xb.o(RESET) refers to stm32f1xx_it.o(i.USART2_IRQHandler) for USART2_IRQHandler
    startup_stm32f103xb.o(RESET) refers to stm32f1xx_it.o(i.EXTI15_10_IRQHandler) for EXTI15_10_IRQHandler
    startup_stm32f103xb.o(.text) refers (Special) to heapauxi.o(.text) for __use_two_region_memory
    startup_stm32f103xb.o(.text) refers to system_stm32f1xx.o(i.SystemInit) for SystemInit
    startup_stm32f103xb.o(.text) refers to __main.o(!!!main) for __main
    startup_stm32f103xb.o(.text) refers to startup_stm32f103xb.o(HEAP) for Heap_Mem
    startup_stm32f103xb.o(.text) refers to startup_stm32f103xb.o(STACK) for Stack_Mem
    lcd_i2c.o(i.LCD_I2C_Clear) refers to lcd_i2c.o(i.LCD_I2C_Write_CMD) for LCD_I2C_Write_CMD
    lcd_i2c.o(i.LCD_I2C_Clear) refers to stm32f1xx_hal.o(i.HAL_Delay) for HAL_Delay
    lcd_i2c.o(i.LCD_I2C_Init) refers to lcd_i2c.o(i.LCD_I2C_Write_CMD) for LCD_I2C_Write_CMD
    lcd_i2c.o(i.LCD_I2C_Init) refers to stm32f1xx_hal.o(i.HAL_Delay) for HAL_Delay
    lcd_i2c.o(i.LCD_I2C_Set_Cursor) refers to lcd_i2c.o(i.LCD_I2C_Write_CMD) for LCD_I2C_Write_CMD
    lcd_i2c.o(i.LCD_I2C_WRITE_DATA) refers to stm32f1xx_hal_i2c.o(i.HAL_I2C_Master_Transmit) for HAL_I2C_Master_Transmit
    lcd_i2c.o(i.LCD_I2C_WRITE_DATA) refers to main.o(.bss) for hi2c1
    lcd_i2c.o(i.LCD_I2C_WRITE_NUMBER) refers to _printf_percent.o(.ARM.Collect$$_printf_percent$$00000000) for _printf_percent
    lcd_i2c.o(i.LCD_I2C_WRITE_NUMBER) refers to _printf_d.o(.ARM.Collect$$_printf_percent$$00000009) for _printf_d
    lcd_i2c.o(i.LCD_I2C_WRITE_NUMBER) refers to _printf_dec.o(.text) for _printf_int_dec
    lcd_i2c.o(i.LCD_I2C_WRITE_NUMBER) refers to noretval__2sprintf.o(.text) for __2sprintf
    lcd_i2c.o(i.LCD_I2C_WRITE_NUMBER) refers to lcd_i2c.o(i.LCD_I2C_Write_String) for LCD_I2C_Write_String
    lcd_i2c.o(i.LCD_I2C_WRITE_Num_f) refers to _printf_pad.o(.text) for _printf_pre_padding
    lcd_i2c.o(i.LCD_I2C_WRITE_Num_f) refers to _printf_percent.o(.ARM.Collect$$_printf_percent$$00000000) for _printf_percent
    lcd_i2c.o(i.LCD_I2C_WRITE_Num_f) refers to _printf_f.o(.ARM.Collect$$_printf_percent$$00000003) for _printf_f
    lcd_i2c.o(i.LCD_I2C_WRITE_Num_f) refers to printf1.o(x$fpl$printf1) for _printf_fp_dec
    lcd_i2c.o(i.LCD_I2C_WRITE_Num_f) refers to noretval__2sprintf.o(.text) for __2sprintf
    lcd_i2c.o(i.LCD_I2C_WRITE_Num_f) refers to lcd_i2c.o(i.LCD_I2C_Write_String) for LCD_I2C_Write_String
    lcd_i2c.o(i.LCD_I2C_Write_CMD) refers to stm32f1xx_hal_i2c.o(i.HAL_I2C_Master_Transmit) for HAL_I2C_Master_Transmit
    lcd_i2c.o(i.LCD_I2C_Write_CMD) refers to main.o(.bss) for hi2c1
    lcd_i2c.o(i.LCD_I2C_Write_String) refers to lcd_i2c.o(i.LCD_I2C_WRITE_DATA) for LCD_I2C_WRITE_DATA
    lcd_i2c.o(i.LCD_I2C_Write_String) refers to strlen.o(.text) for strlen
    temp.o(i.temp_convert) refers to dflt_clz.o(x$fpl$dfltu) for __aeabi_ui2d
    temp.o(i.temp_convert) refers to dmul.o(x$fpl$dmul) for __aeabi_dmul
    temp.o(i.temp_convert) refers to ddiv.o(x$fpl$ddiv) for __aeabi_ddiv
    main.o(i.Get_Time) refers to _printf_percent.o(.ARM.Collect$$_printf_percent$$00000000) for _printf_percent
    main.o(i.Get_Time) refers to _printf_f.o(.ARM.Collect$$_printf_percent$$00000003) for _printf_f
    main.o(i.Get_Time) refers to printf1.o(x$fpl$printf1) for _printf_fp_dec
[...]
    i.xTaskResumeAll                         0x08006490   Section        0  tasks.o(i.xTaskResumeAll)
    i.xTimerCreate                           0x08006554   Section        0  timers.o(i.xTimerCreate)
    i.xTimerCreateTimerTask                  0x08006588   Section        0  timers.o(i.xTimerCreateTimerTask)
    i.xTimerGenericCommand                   0x080065e8   Section        0  timers.o(i.xTimerGenericCommand)
    i.xTimerPendFunctionCallFromISR          0x08006650   Section        0  timers.o(i.xTimerPendFunctionCallFromISR)
    locale$$code                             0x08006678   Section       44  lc_numeric_c.o(locale$$code)
    locale$$code                             0x080066a4   Section       44  lc_ctype_c.o(locale$$code)
    x$fpl$ddiv                               0x080066d0   Section      688  ddiv.o(x$fpl$ddiv)
    ddiv_entry                               0x080066d7   Thumb Code     0  ddiv.o(x$fpl$ddiv)
    x$fpl$dfltu                              0x08006980   Section       38  dflt_clz.o(x$fpl$dfltu)
    x$fpl$dmul                               0x080069a8   Section      340  dmul.o(x$fpl$dmul)
    x$fpl$dnaninf                            0x08006afc   Section      156  dnaninf.o(x$fpl$dnaninf)
    x$fpl$dretinf                            0x08006b98   Section       12  dretinf.o(x$fpl$dretinf)
    x$fpl$printf1                            0x08006ba4   Section        4  printf1.o(x$fpl$printf1)
    .constdata                               0x08006ba8   Section       18  stm32f1xx_hal_rcc.o(.constdata)
    x$fpl$usenofp                            0x08006ba8   Section        0  usenofp.o(x$fpl$usenofp)
    aPredivFactorTable                       0x08006ba8   Data           2  stm32f1xx_hal_rcc.o(.constdata)
    aPLLMULFactorTable                       0x08006baa   Data          16  stm32f1xx_hal_rcc.o(.constdata)
    .constdata                               0x08006bba   Section       16  system_stm32f1xx.o(.constdata)
    .constdata                               0x08006bca   Section        8  system_stm32f1xx.o(.constdata)
    .constdata                               0x08006bd4   Section      148  bigflt0.o(.constdata)
    tenpwrs_x                                0x08006bd4   Data          60  bigflt0.o(.constdata)
    tenpwrs_i                                0x08006c10   Data          64  bigflt0.o(.constdata)
    locale$$data                             0x08006c88   Section       28  lc_numeric_c.o(locale$$data)
    __lcnum_c_name                           0x08006c8c   Data           2  lc_numeric_c.o(locale$$data)
    __lcnum_c_start                          0x08006c94   Data           0  lc_numeric_c.o(locale$$data)
    __lcnum_c_point                          0x08006ca0   Data           0  lc_numeric_c.o(locale$$data)
    __lcnum_c_thousands                      0x08006ca2   Data           0  lc_numeric_c.o(locale$$data)
    __lcnum_c_grouping                       0x08006ca3   Data           0  lc_numeric_c.o(locale$$data)
    locale$$data                             0x08006ca4   Section      272  lc_ctype_c.o(locale$$data)
    __lcnum_c_end                            0x08006ca4   Data           0  lc_numeric_c.o(locale$$data)
    __lcctype_c_name                         0x08006ca8   Data           2  lc_ctype_c.o(locale$$data)
    __lcctype_c_start                        0x08006cb0   Data           0  lc_ctype_c.o(locale$$data)
    __lcctype_c_end                          0x08006db4   Data           0  lc_ctype_c.o(locale$$data)
    .data                                    0x20000000   Section       86  main.o(.data)
    flag1                                    0x20000014   Data           4  main.o(.data)
    flag2                                    0x20000018   Data           4  main.o(.data)
    lastTime                                 0x2000001c   Data           4  main.o(.data)
    .data                                    0x20000058   Section       12  stm32f1xx_hal.o(.data)
    .data                                    0x20000064   Section        4  system_stm32f1xx.o(.data)
    .data                                    0x20000068   Section       60  tasks.o(.data)
    pxDelayedTaskList                        0x2000006c   Data           4  tasks.o(.data)
    pxOverflowDelayedTaskList                0x20000070   Data           4  tasks.o(.data)
    uxDeletedTasksWaitingCleanUp             0x20000074   Data           4  tasks.o(.data)
    uxCurrentNumberOfTasks                   0x20000078   Data           4  tasks.o(.data)
    xTickCount                               0x2000007c   Data           4  tasks.o(.data)
    uxTopReadyPriority                       0x20000080   Data           4  tasks.o(.data)
    xSchedulerRunning                        0x20000084   Data           4  tasks.o(.data)
    uxPendedTicks                            0x20000088   Data           4  tasks.o(.data)
    xYieldPending                            0x2000008c   Data           4  tasks.o(.data)
    xNumOfOverflows                          0x20000090   Data           4  tasks.o(.data)
    uxTaskNumber                             0x20000094   Data           4  tasks.o(.data)
    xNextTaskUnblockTime                     0x20000098   Data           4  tasks.o(.data)
    xIdleTaskHandle                          0x2000009c   Data           4  tasks.o(.data)
    uxSchedulerSuspended                     0x200000a0   Data           4  tasks.o(.data)
    .data                                    0x200000a4   Section       20  timers.o(.data)
    pxCurrentTimerList                       0x200000a4   Data           4  timers.o(.data)
    pxOverflowTimerList                      0x200000a8   Data           4  timers.o(.data)
    xTimerQueue                              0x200000ac   Data           4  timers.o(.data)
    xTimerTaskHandle                         0x200000b0   Data           4  timers.o(.data)
    xLastTime                                0x200000b4   Data           4  timers.o(.data)
    .data                                    0x200000b8   Section        4  cmsis_os2.o(.data)
    KernelState                              0x200000b8   Data           4  cmsis_os2.o(.data)
    .data                                    0x200000bc   Section       24  heap_4.o(.data)
    pxEnd                                    0x200000bc   Data           4  heap_4.o(.data)
    xFreeBytesRemaining                      0x200000c0   Data           4  heap_4.o(.data)
    xMinimumEverFreeBytesRemaining           0x200000c4   Data           4  heap_4.o(.data)
    xBlockAllocatedBit                       0x200000c8   Data           4  heap_4.o(.data)
    xStart                                   0x200000cc   Data           8  heap_4.o(.data)
    .data                                    0x200000d4   Section       12  port.o(.data)
    ucMaxSysCallPriority                     0x200000d4   Data           1  port.o(.data)
    uxCriticalNesting                        0x200000d8   Data           4  port.o(.data)
    ulMaxPRIGROUPValue                       0x200000dc   Data           4  port.o(.data)
    .bss                                     0x200000e0   Section      380  main.o(.bss)
    Data_Temp                                0x200000e0   Data          16  main.o(.bss)
    Data_Humd                                0x200000f0   Data          16  main.o(.bss)
    .bss                                     0x2000025c   Section       64  queue.o(.bss)
    .bss                                     0x2000029c   Section     1220  tasks.o(.bss)
    pxReadyTasksLists                        0x2000029c   Data        1120  tasks.o(.bss)
    xDelayedTaskList1                        0x200006fc   Data          20  tasks.o(.bss)
    xDelayedTaskList2                        0x20000710   Data          20  tasks.o(.bss)
    xPendingReadyList                        0x20000724   Data          20  tasks.o(.bss)
    xTasksWaitingTermination                 0x20000738   Data          20  tasks.o(.bss)
    xSuspendedTaskList                       0x2000074c   Data          20  tasks.o(.bss)
    .bss                                     0x20000760   Section      280  timers.o(.bss)
    xActiveTimerList1                        0x20000760   Data          20  timers.o(.bss)
    xActiveTimerList2                        0x20000774   Data          20  timers.o(.bss)
    xStaticTimerQueue                        0x20000788   Data          80  timers.o(.bss)
    ucStaticTimerQueueStorage                0x200007d8   Data         160  timers.o(.bss)
    .bss                                     0x20000878   Section     1720  cmsis_os2.o(.bss)
    Idle_TCB                                 0x20000878   Data          92  cmsis_os2.o(.bss)
    Idle_Stack                               0x200008d4   Data         512  cmsis_os2.o(.bss)
    Timer_TCB                                0x20000ad4   Data          92  cmsis_os2.o(.bss)
    Timer_Stack                              0x20000b30   Data        1024  cmsis_os2.o(.bss)
    .bss                                     0x20000f30   Section     8192  heap_4.o(.bss)
    ucHeap                                   0x20000f30   Data        8192  heap_4.o(.bss)
    .bss                                     0x20002f30   Section       96  libspace.o(.bss)
    HEAP                                     0x20002f90   Section      512  startup_stm32f103xb.o(HEAP)
    Heap_Mem                                 0x20002f90   Data         512  startup_stm32f103xb.o(HEAP)
    STACK                                    0x20003190   Section     1024  startup_stm32f103xb.o(STACK)
    Stack_Mem                                0x20003190   Data        1024  startup_stm32f103xb.o(STACK)
    __initial_sp                             0x20003590   Data           0  startup_stm32f103xb.o(STACK)

    Global Symbols

    Symbol Name                              Value     Ov Type        Size  Object(Section)

    BuildAttributes$$THM_ISAv4$P$D$K$B$S$PE$A:L22UL41UL21$X:L11$S22US41US21$IEEE1$IW$USESV6$~STKCKD$USESV7$~SHL$OTIME$ROPI$IEEEJ$EBA8$UX$STANDARDLIB$REQ8$PRES8$EABIv2 0x00000000   Number         0  anon$$obj.o ABSOLUTE
    __ARM_use_no_argv                        0x00000000   Number         0  main.o ABSOLUTE
    _printf_flags                            0x00000000   Number         0  printf_stubs.o ABSOLUTE
    _printf_return_value                     0x00000000   Number         0  printf_stubs.o ABSOLUTE
    _printf_sizespec                         0x00000000   Number         0  printf_stubs.o ABSOLUTE
    _printf_widthprec                        0x00000000   Number         0  printf_stubs.o ABSOLUTE
    __ARM_exceptions_init                     - Undefined Weak Reference
    __alloca_initialize                       - Undefined Weak Reference
    __arm_preinit_                            - Undefined Weak Reference
    __cpp_initialize__aeabi_                  - Undefined Weak Reference
    __cxa_finalize                            - Undefined Weak Reference
    __sigvec_lookup                           - Undefined Weak Reference
    _atexit_init                              - Undefined Weak Reference
    _call_atexit_fns                          - Undefined Weak Reference
    _clock_init                               - Undefined Weak Reference
    _fp_trap_init                             - Undefined Weak Reference
    _fp_trap_shutdown                         - Undefined Weak Reference
    _get_lc_collate                           - Undefined Weak Reference
    _get_lc_monetary                          - Undefined Weak Reference
    _get_lc_time                              - Undefined Weak Reference
    _getenv_init                              - Undefined Weak Reference
    _handle_redirection                       - Undefined Weak Reference
    _init_alloc                               - Undefined Weak Reference
    _init_user_alloc                          - Undefined Weak Reference
    _initio                                   - Undefined Weak Reference
    _printf_truncate_signed                   - Undefined Weak Reference
    _printf_truncate_unsigned                 - Undefined Weak Reference
    _rand_init                                - Undefined Weak Reference
    _signal_finish                            - Undefined Weak Reference
    _signal_init                              - Undefined Weak Reference
    _terminate_alloc                          - Undefined Weak Reference
    _terminate_user_alloc                     - Undefined Weak Reference
    _terminateio                              - Undefined Weak Reference
    __Vectors_Size                           0x000000ec   Number         0  startup_stm32f103xb.o ABSOLUTE
    __Vectors                                0x08000000   Data           4  startup_stm32f103xb.o(RESET)
    __Vectors_End                            0x080000ec   Data           0  startup_stm32f103xb.o(RESET)
    __main                                   0x080000ed   Thumb Code     8  __main.o(!!!main)
    __scatterload                            0x080000f5   Thumb Code     0  __scatter.o(!!!scatter)
    __scatterload_rt2                        0x080000f5   Thumb Code    44  __scatter.o(!!!scatter)
    __scatterload_rt2_thumb_only             0x080000f5   Thumb Code     0  __scatter.o(!!!scatter)
    __scatterload_null                       0x08000103   Thumb Code     0  __scatter.o(!!!scatter)
    __scatterload_copy                       0x08000129   Thumb Code    26  __scatter_copy.o(!!handler_copy)
    __scatterload_zeroinit                   0x08000145   Thumb Code    28  __scatter_zi.o(!!handler_zi)
    _printf_f                                0x08000161   Thumb Code     0  _printf_f.o(.ARM.Collect$$_printf_percent$$00000003)
    _printf_percent                          0x08000161   Thumb Code     0  _printf_percent.o(.ARM.Collect$$_printf_percent$$00000000)
    _printf_d                                0x08000167   Thumb Code     0  _printf_d.o(.ARM.Collect$$_printf_percent$$00000009)
    _printf_percent_end                      0x0800016d   Thumb Code     0  _printf_percent_end.o(.ARM.Collect$$_printf_percent$$00000017)
    __rt_lib_init                            0x08000171   Thumb Code     0  libinit.o(.ARM.Collect$$libinit$$00000000)
    __rt_lib_init_fp_1                       0x08000173   Thumb Code     0  libinit2.o(.ARM.Collect$$libinit$$00000002)
    __rt_lib_init_heap_1                     0x08000173   Thumb Code     0  libinit2.o(.ARM.Collect$$libinit$$0000000A)
    __rt_lib_init_lc_common                  0x08000173   Thumb Code     0  libinit2.o(.ARM.Collect$$libinit$$0000000F)
    __rt_lib_init_preinit_1                  0x08000173   Thumb Code     0  libinit2.o(.ARM.Collect$$libinit$$00000004)
    __rt_lib_init_rand_1                     0x08000173   Thumb Code     0  libinit2.o(.ARM.Collect$$libinit$$0000000E)
    __rt_lib_init_user_alloc_1               0x08000173   Thumb Code     0  libinit2.o(.ARM.Collect$$libinit$$0000000C)
    __rt_lib_init_lc_collate_1               0x08000179   Thumb Code     0  libinit2.o(.ARM.Collect$$libinit$$00000011)
    __rt_lib_init_lc_ctype_2                 0x08000179   Thumb Code     0  libinit2.o(.ARM.Collect$$libinit$$00000012)
    __rt_lib_init_lc_ctype_1                 0x08000185   Thumb Code     0  libinit2.o(.ARM.Collect$$libinit$$00000013)
    __rt_lib_init_lc_monetary_1              0x08000185   Thumb Code     0  libinit2.o(.ARM.Collect$$libinit$$00000015)
    __rt_lib_init_lc_numeric_2               0x08000185   Thumb Code     0  libinit2.o(.ARM.Collect$$libinit$$00000016)
    __rt_lib_init_alloca_1                   0x0800018f   Thumb Code     0  libinit2.o(.ARM.Collect$$libinit$$0000002E)
    __rt_lib_init_argv_1                     0x0800018f   Thumb Code     0  libinit2.o(.ARM.Collect$$libinit$$0000002C)
    __rt_lib_init_atexit_1                   0x0800018f   Thumb Code     0  libinit2.o(.ARM.Collect$$libinit$$0000001B)
    __rt_lib_init_clock_1                    0x0800018f   Thumb Code     0  libinit2.o(.ARM.Collect$$libinit$$00000021)
    __rt_lib_init_cpp_1                      0x0800018f   Thumb Code     0  libinit2.o(.ARM.Collect$$libinit$$00000032)
    __rt_lib_init_exceptions_1               0x0800018f   Thumb Code     0  libinit2.o(.ARM.Collect$$libinit$$00000030)
    __rt_lib_init_fp_trap_1                  0x0800018f   Thumb Code     0  libinit2.o(.ARM.Collect$$libinit$$0000001F)
    __rt_lib_init_getenv_1                   0x0800018f   Thumb Code     0  libinit2.o(.ARM.Collect$$libinit$$00000023)
    __rt_lib_init_lc_numeric_1               0x0800018f   Thumb Code     0  libinit2.o(.ARM.Collect$$libinit$$00000017)
    __rt_lib_init_lc_time_1                  0x0800018f   Thumb Code     0  libinit2.o(.ARM.Collect$$libinit$$00000019)
    __rt_lib_init_return                     0x0800018f   Thumb Code     0  libinit2.o(.ARM.Collect$$libinit$$00000033)
    __rt_lib_init_signal_1                   0x0800018f   Thumb Code     0  libinit2.o(.ARM.Collect$$libinit$$0000001D)
    __rt_lib_init_stdio_1                    0x0800018f   Thumb Code     0  libinit2.o(.ARM.Collect$$libinit$$00000025)
    __rt_lib_shutdown                        0x08000191   Thumb Code     0  libshutdown.o(.ARM.Collect$$libshutdown$$00000000)
    __rt_lib_shutdown_cpp_1                  0x08000193   Thumb Code     0  libshutdown2.o(.ARM.Collect$$libshutdown$$00000002)
    __rt_lib_shutdown_fp_trap_1              0x08000193   Thumb Code     0  libshutdown2.o(.ARM.Collect$$libshutdown$$00000007)
    __rt_lib_shutdown_heap_1                 0x08000193   Thumb Code     0  libshutdown2.o(.ARM.Collect$$libshutdown$$0000000F)
    __rt_lib_shutdown_return                 0x08000193   Thumb Code     0  libshutdown2.o(.ARM.Collect$$libshutdown$$00000010)
    __rt_lib_shutdown_signal_1               0x08000193   Thumb Code     0  libshutdown2.o(.ARM.Collect$$libshutdown$$0000000A)
    __rt_lib_shutdown_stdio_1                0x08000193   Thumb Code     0  libshutdown2.o(.ARM.Collect$$libshutdown$$00000004)
    __rt_lib_shutdown_user_alloc_1           0x08000193   Thumb Code     0  libshutdown2.o(.ARM.Collect$$libshutdown$$0000000C)
    __rt_entry                               0x08000195   Thumb Code     0  __rtentry.o(.ARM.Collect$$rtentry$$00000000)
    __rt_entry_presh_1                       0x08000195   Thumb Code     0  __rtentry2.o(.ARM.Collect$$rtentry$$00000002)
    __rt_entry_sh                            0x08000195   Thumb Code     0  __rtentry4.o(.ARM.Collect$$rtentry$$00000004)
    __rt_entry_li                            0x0800019b   Thumb Code     0  __rtentry2.o(.ARM.Collect$$rtentry$$0000000A)
    __rt_entry_postsh_1                      0x0800019b   Thumb Code     0  __rtentry2.o(.ARM.Collect$$rtentry$$00000009)
    __rt_entry_main                          0x0800019f   Thumb Code     0  __rtentry2.o(.ARM.Collect$$rtentry$$0000000D)
    __rt_entry_postli_1                      0x0800019f   Thumb Code     0  __rtentry2.o(.ARM.Collect$$rtentry$$0000000C)
    __rt_exit                                0x080001a7   Thumb Code     0  rtexit.o(.ARM.Collect$$rtexit$$00000000)
    __rt_exit_ls                             0x080001a9   Thumb Code     0  rtexit2.o(.ARM.Collect$$rtexit$$00000003)
    __rt_exit_prels_1                        0x080001a9   Thumb Code     0  rtexit2.o(.ARM.Collect$$rtexit$$00000002)
    __rt_exit_exit                           0x080001ad   Thumb Code     0  rtexit2.o(.ARM.Collect$$rtexit$$00000004)
    SVC_Handler                              0x080001b5   Thumb Code    32  port.o(.emb_text)
    __asm___6_port_c_39a90d8d__prvStartFirstTask 0x080001d9   Thumb Code    28  port.o(.emb_text)
    PendSV_Handler                           0x080001f9   Thumb Code    72  port.o(.emb_text)
    vPortGetIPSR                             0x08000245   Thumb Code     6  port.o(.emb_text)
    Reset_Handler                            0x0800024d   Thumb Code     8  startup_stm32f103xb.o(.text)
    CAN1_RX1_IRQHandler                      0x08000267   Thumb Code     0  startup_stm32f103xb.o(.text)
    CAN1_SCE_IRQHandler                      0x08000267   Thumb Code     0  startup_stm32f103xb.o(.text)
    DMA1_Channel1_IRQHandler                 0x08000267   Thumb Code     0  startup_stm32f103xb.o(.text)
    DMA1_Channel2_IRQHandler                 0x08000267   Thumb Code     0  startup_stm32f103xb.o(.text)
    DMA1_Channel3_IRQHandler                 0x08000267   Thumb Code     0  startup_stm32f103xb.o(.text)
    DMA1_Channel4_IRQHandler                 0x08000267   Thumb Code     0  startup_stm32f103xb.o(.text)
    DMA1_Channel5_IRQHandler                 0x08000267   Thumb Code     0  startup_stm32f103xb.o(.text)
    DMA1_Channel6_IRQHandler                 0x08000267   Thumb Code     0  startup_stm32f103xb.o(.text)
    DMA1_Channel7_IRQHandler                 0x08000267   Thumb Code     0  startup_stm32f103xb.o(.text)
    EXTI0_IRQHandler                         0x08000267   Thumb Code     0  startup_stm32f103xb.o(.text)
    EXTI1_IRQHandler                         0x08000267   Thumb Code     0  startup_stm32f103xb.o(.text)
    EXTI2_IRQHandler                         0x08000267   Thumb Code     0  startup_stm32f103xb.o(.text)
    EXTI3_IRQHandler                         0x08000267   Thumb Code     0  startup_stm32f103xb.o(.text)
    EXTI4_IRQHandler                         0x08000267   Thumb Code     0  startup_stm32f103xb.o(.text)
    EXTI9_5_IRQHandler                       0x08000267   Thumb Code     0  startup_stm32f103xb.o(.text)
    FLASH_IRQHandler                         0x08000267   Thumb Code     0  startup_stm32f103xb.o(.text)
    I2C1_ER_IRQHandler                       0x08000267   Thumb Code     0  startup_stm32f103xb.o(.text)
    I2C1_EV_IRQHandler                       0x08000267   Thumb Code     0  startup_stm32f103xb.o(.text)
    I2C2_ER_IRQHandler                       0x08000267   Thumb Code     0  startup_stm32f103xb.o(.text)
    I2C2_EV_IRQHandler                       0x08000267   Thumb Code     0  startup_stm32f103xb.o(.text)
    PVD_IRQHandler                           0x08000267   Thumb Code     0  startup_stm32f103xb.o(.text)
    RCC_IRQHandler                           0x08000267   Thumb Code     0  startup_stm32f103xb.o(.text)
    RTC_Alarm_IRQHandler                     0x08000267   Thumb Code     0  startup_stm32f103xb.o(.text)
    RTC_IRQHandler                           0x08000267   Thumb Code     0  startup_stm32f103xb.o(.text)
    SPI1_IRQHandler                          0x08000267   Thumb Code     0  startup_stm32f103xb.o(.text)
    SPI2_IRQHandler                          0x08000267   Thumb Code     0  startup_stm32f103xb.o(.text)
    TAMPER_IRQHandler                        0x08000267   Thumb Code     0  startup_stm32f103xb.o(.text)
    TIM1_BRK_IRQHandler                      0x08000267   Thumb Code     0  startup_stm32f103xb.o(.text)
    TIM1_CC_IRQHandler                       0x08000267   Thumb Code     0  startup_stm32f103xb.o(.text)
    TIM1_TRG_COM_IRQHandler                  0x08000267   Thumb Code     0  startup_stm32f103xb.o(.text)
    TIM1_UP_IRQHandler                       0x08000267   Thumb Code     0  startup_stm32f103xb.o(.text)
    TIM3_IRQHandler                          0x08000267   Thumb Code     0  startup_stm32f103xb.o(.text)
    TIM4_IRQHandler                          0x08000267   Thumb Code     0  startup_stm32f103xb.o(.text)
    USART1_IRQHandler                        0x08000267   Thumb Code     0  startup_stm32f103xb.o(.text)
    USART3_IRQHandler                        0x08000267   Thumb Code     0  startup_stm32f103xb.o(.text)
    USBWakeUp_IRQHandler                     0x08000267   Thumb Code     0  startup_stm32f103xb.o(.text)
    USB_HP_CAN1_TX_IRQHandler                0x08000267   Thumb Code     0  startup_stm32f103xb.o(.text)
    USB_LP_CAN1_RX0_IRQHandler               0x08000267   Thumb Code     0  startup_stm32f103xb.o(.text)
    WWDG_IRQHandler                          0x08000267   Thumb Code     0  startup_stm32f103xb.o(.text)
    __user_initial_stackheap                 0x08000269   Thumb Code     0  startup_stm32f103xb.o(.text)
    __2sprintf                               0x0800028d   Thumb Code    34  noretval__2sprintf.o(.text)
    _printf_pre_padding                      0x080002b5   Thumb Code    44  _printf_pad.o(.text)
    _printf_post_padding                     0x080002e1   Thumb Code    34  _printf_pad.o(.text)
    _printf_int_dec                          0x08000305   Thumb Code   104  _printf_dec.o(.text)
    __printf                                 0x0800037d   Thumb Code   352  __printf_ss_wp.o(.text)
    atoi                                     0x080004dd   Thumb Code    26  atoi.o(.text)
    strlen                                   0x080004f7   Thumb Code    62  strlen.o(.text)
    __aeabi_memcpy                           0x08000535   Thumb Code     0  rt_memcpy_v6.o(.text)
    __rt_memcpy                              0x08000535   Thumb Code   138  rt_memcpy_v6.o(.text)
    _memcpy_lastbytes                        0x0800059b   Thumb Code     0  rt_memcpy_v6.o(.text)
    __aeabi_memset                           0x080005bf   Thumb Code    16  aeabi_memset.o(.text)
    __aeabi_memclr4                          0x080005cf   Thumb Code     0  rt_memclr_w.o(.text)
    __aeabi_memclr8                          0x080005cf   Thumb Code     0  rt_memclr_w.o(.text)
    __rt_memclr_w                            0x080005cf   Thumb Code    78  rt_memclr_w.o(.text)
    _memset_w                                0x080005d3   Thumb Code     0  rt_memclr_w.o(.text)
    strcmp                                   0x0800061d   Thumb Code   128  strcmpv7m.o(.text)
    __use_two_region_memory                  0x0800069d   Thumb Code     2  heapauxi.o(.text)
    __rt_heap_escrow$2region                 0x0800069f   Thumb Code     2  heapauxi.o(.text)
    __rt_heap_expand$2region                 0x080006a1   Thumb Code     2  heapauxi.o(.text)
    __aeabi_errno_addr                       0x080006a5   Thumb Code     8  rt_errno_addr_intlibspace.o(.text)
    __errno$intlibspace                      0x080006a5   Thumb Code     0  rt_errno_addr_intlibspace.o(.text)
    __rt_errno_addr$intlibspace              0x080006a5   Thumb Code     0  rt_errno_addr_intlibspace.o(.text)
    _printf_int_common                       0x080006ad   Thumb Code   178  _printf_intcommon.o(.text)
    __lib_sel_fp_printf                      0x0800075f   Thumb Code     2  _printf_fp_dec.o(.text)
    _printf_fp_dec_real                      0x0800090d   Thumb Code   620  _printf_fp_dec.o(.text)
    _printf_char_common                      0x08000b83   Thumb Code    32  _printf_char_common.o(.text)
    _sputc                                   0x08000ba9   Thumb Code    10  _sputc.o(.text)
    strtol                                   0x08000bb3   Thumb Code   112  strtol.o(.text)
    __aeabi_memcpy4                          0x08000c23   Thumb Code     0  rt_memcpy_w.o(.text)
    __aeabi_memcpy8                          0x08000c23   Thumb Code     0  rt_memcpy_w.o(.text)
    __rt_memcpy_w                            0x08000c23   Thumb Code   100  rt_memcpy_w.o(.text)
    _memcpy_lastbytes_aligned                0x08000c6b   Thumb Code     0  rt_memcpy_w.o(.text)
    __aeabi_memclr                           0x08000c87   Thumb Code     0  rt_memclr.o(.text)
    __rt_memclr                              0x08000c87   Thumb Code    68  rt_memclr.o(.text)
    _memset                                  0x08000c8b   Thumb Code     0  rt_memclr.o(.text)
    __user_libspace                          0x08000ccd   Thumb Code     8  libspace.o(.text)
    __user_perproc_libspace                  0x08000ccd   Thumb Code     0  libspace.o(.text)
    __user_perthread_libspace                0x08000ccd   Thumb Code     0  libspace.o(.text)
    __rt_ctype_table                         0x08000cd5   Thumb Code    16  rt_ctype_table.o(.text)
    __rt_locale                              0x08000ce5   Thumb Code     8  rt_locale_intlibspace.o(.text)
    _ll_udiv10                               0x08000ced   Thumb Code   138  lludiv10.o(.text)
    _printf_fp_infnan                        0x08000d79   Thumb Code   112  _printf_fp_infnan.o(.text)
    _strtoul                                 0x08000df9   Thumb Code   158  _strtoul.o(.text)
    _btod_etento                             0x08000e99   Thumb Code   216  bigflt0.o(.text)
    __user_setup_stackheap                   0x08000f75   Thumb Code    74  sys_stackheap_outer.o(.text)
    _chval                                   0x08000fbf   Thumb Code    28  _chval.o(.text)
    exit                                     0x08000fdb   Thumb Code    18  exit.o(.text)
    _sys_exit                                0x08000fed   Thumb Code     8  sys_exit.o(.text)
    __I$use$semihosting                      0x08000ff9   Thumb Code     0  use_no_semi.o(.text)
    __use_no_semihosting_swi                 0x08000ff9   Thumb Code     2  use_no_semi.o(.text)
    __semihosting_library_function           0x08000ffb   Thumb Code     0  indicate_semi.o(.text)
    _btod_d2e                                0x08000ffb   Thumb Code    62  btod.o(CL$$btod_d2e)
    _d2e_denorm_low                          0x08001039   Thumb Code    70  btod.o(CL$$btod_d2e_denorm_low)
    _d2e_norm_op1                            0x0800107f   Thumb Code    96  btod.o(CL$$btod_d2e_norm_op1)
    __btod_div_common                        0x080010df   Thumb Code   696  btod.o(CL$$btod_div_common)
    _e2e                                     0x08001417   Thumb Code   198  btod.o(CL$$btod_e2e)
    _btod_ediv                               0x080014dd   Thumb Code    40  btod.o(CL$$btod_ediv)
    _btod_emul                               0x08001505   Thumb Code    40  btod.o(CL$$btod_emul)
    __btod_mult_common                       0x0800152d   Thumb Code   580  btod.o(CL$$btod_mult_common)
    ADC1_2_IRQHandler                        0x08001771   Thumb Code     6  stm32f1xx_it.o(i.ADC1_2_IRQHandler)
    ADC_ConversionStop_Disable               0x0800177d   Thumb Code    86  stm32f1xx_hal_adc.o(i.ADC_ConversionStop_Disable)
    ADC_Enable                               0x080017d5   Thumb Code   114  stm32f1xx_hal_adc.o(i.ADC_Enable)
    BusFault_Handler                         0x08001851   Thumb Code     2  stm32f1xx_it.o(i.BusFault_Handler)
    DebugMon_Handler                         0x08001853   Thumb Code     2  stm32f1xx_it.o(i.DebugMon_Handler)
    EXTI15_10_IRQHandler                     0x08001855   Thumb Code     8  stm32f1xx_it.o(i.EXTI15_10_IRQHandler)
    Get_Humd                                 0x0800185d   Thumb Code  1396  humd.o(i.Get_Humd)
    Get_Time                                 0x08001dd1   Thumb Code    76  main.o(i.Get_Time)
    HAL_ADCEx_InjectedConvCpltCallback       0x08001e41   Thumb Code     2  stm32f1xx_hal_adc_ex.o(i.HAL_ADCEx_InjectedConvCpltCallback)
    HAL_ADC_ConfigChannel                    0x08001e45   Thumb Code   240  stm32f1xx_hal_adc.o(i.HAL_ADC_ConfigChannel)
    HAL_ADC_ConvCpltCallback                 0x08001f41   Thumb Code    20  main.o(i.HAL_ADC_ConvCpltCallback)
    HAL_ADC_GetValue                         0x08001f5d   Thumb Code     6  stm32f1xx_hal_adc.o(i.HAL_ADC_GetValue)
    HAL_ADC_IRQHandler                       0x08001f63   Thumb Code   220  stm32f1xx_hal_adc.o(i.HAL_ADC_IRQHandler)
    HAL_ADC_Init                             0x08002041   Thumb Code   272  stm32f1xx_hal_adc.o(i.HAL_ADC_Init)
    HAL_ADC_LevelOutOfWindowCallback         0x0800215d   Thumb Code     2  stm32f1xx_hal_adc.o(i.HAL_ADC_LevelOutOfWindowCallback)
    HAL_ADC_MspInit                          0x08002161   Thumb Code    92  stm32f1xx_hal_msp.o(i.HAL_ADC_MspInit)
    HAL_ADC_Start_IT                         0x080021c9   Thumb Code   194  stm32f1xx_hal_adc.o(i.HAL_ADC_Start_IT)
    HAL_DMA_Abort                            0x08002295   Thumb Code    70  stm32f1xx_hal_dma.o(i.HAL_DMA_Abort)
    HAL_DMA_Abort_IT                         0x080022dd   Thumb Code   148  stm32f1xx_hal_dma.o(i.HAL_DMA_Abort_IT)
    HAL_Delay                                0x08002375   Thumb Code    32  stm32f1xx_hal.o(i.HAL_Delay)
    HAL_GPIO_EXTI_Callback                   0x08002399   Thumb Code    36  main.o(i.HAL_GPIO_EXTI_Callback)
    HAL_GPIO_EXTI_IRQHandler                 0x080023c9   Thumb Code    18  stm32f1xx_hal_gpio.o(i.HAL_GPIO_EXTI_IRQHandler)
    HAL_GPIO_Init                            0x080023e1   Thumb Code   446  stm32f1xx_hal_gpio.o(i.HAL_GPIO_Init)
    HAL_GPIO_WritePin                        0x080025c1   Thumb Code    10  stm32f1xx_hal_gpio.o(i.HAL_GPIO_WritePin)
    HAL_GetTick                              0x080025cd   Thumb Code     6  stm32f1xx_hal.o(i.HAL_GetTick)
    HAL_I2C_Init                             0x080025d9   Thumb Code   376  stm32f1xx_hal_i2c.o(i.HAL_I2C_Init)
    HAL_I2C_Master_Transmit                  0x08002761   Thumb Code   290  stm32f1xx_hal_i2c.o(i.HAL_I2C_Master_Transmit)
    HAL_I2C_MspInit                          0x0800288d   Thumb Code    80  stm32f1xx_hal_msp.o(i.HAL_I2C_MspInit)
    HAL_IncTick                              0x080028e9   Thumb Code    12  stm32f1xx_hal.o(i.HAL_IncTick)
    HAL_Init                                 0x080028f9   Thumb Code    32  stm32f1xx_hal.o(i.HAL_Init)
    HAL_InitTick                             0x0800291d   Thumb Code    54  stm32f1xx_hal.o(i.HAL_InitTick)
    HAL_MspInit                              0x0800295d   Thumb Code    48  stm32f1xx_hal_msp.o(i.HAL_MspInit)
    HAL_NVIC_EnableIRQ                       0x08002991   Thumb Code    26  stm32f1xx_hal_cortex.o(i.HAL_NVIC_EnableIRQ)
    HAL_NVIC_SetPriority                     0x080029ad   Thumb Code    60  stm32f1xx_hal_cortex.o(i.HAL_NVIC_SetPriority)
    HAL_NVIC_SetPriorityGrouping             0x080029ed   Thumb Code    26  stm32f1xx_hal_cortex.o(i.HAL_NVIC_SetPriorityGrouping)
    HAL_RCCEx_PeriphCLKConfig                0x08002a11   Thumb Code   224  stm32f1xx_hal_rcc_ex.o(i.HAL_RCCEx_PeriphCLKConfig)
    HAL_RCC_ClockConfig                      0x08002afd   Thumb Code   280  stm32f1xx_hal_rcc.o(i.HAL_RCC_ClockConfig)
    HAL_RCC_GetPCLK1Freq                     0x08002c29   Thumb Code    20  stm32f1xx_hal_rcc.o(i.HAL_RCC_GetPCLK1Freq)
    HAL_RCC_GetPCLK2Freq                     0x08002c49   Thumb Code    20  stm32f1xx_hal_rcc.o(i.HAL_RCC_GetPCLK2Freq)
    HAL_RCC_GetSysClockFreq                  0x08002c69   Thumb Code    58  stm32f1xx_hal_rcc.o(i.HAL_RCC_GetSysClockFreq)
    HAL_RCC_OscConfig                        0x08002cb5   Thumb Code   778  stm32f1xx_hal_rcc.o(i.HAL_RCC_OscConfig)
    HAL_SYSTICK_Config                       0x08002fd5   Thumb Code    40  stm32f1xx_hal_cortex.o(i.HAL_SYSTICK_Config)
    HAL_TIMEx_BreakCallback                  0x08002ffd   Thumb Code     2  stm32f1xx_hal_tim_ex.o(i.HAL_TIMEx_BreakCallback)
    HAL_TIMEx_CommutCallback                 0x08002fff   Thumb Code     2  stm32f1xx_hal_tim_ex.o(i.HAL_TIMEx_CommutCallback)
    HAL_TIMEx_MasterConfigSynchronization    0x08003001   Thumb Code    92  stm32f1xx_hal_tim_ex.o(i.HAL_TIMEx_MasterConfigSynchronization)
    HAL_TIM_Base_Init                        0x08003069   Thumb Code    90  stm32f1xx_hal_tim.o(i.HAL_TIM_Base_Init)
    HAL_TIM_Base_MspInit                     0x080030c5   Thumb Code    72  stm32f1xx_hal_msp.o(i.HAL_TIM_Base_MspInit)
    HAL_TIM_Base_Start                       0x08003115   Thumb Code    66  stm32f1xx_hal_tim.o(i.HAL_TIM_Base_Start)
    HAL_TIM_Base_Start_IT                    0x08003165   Thumb Code    76  stm32f1xx_hal_tim.o(i.HAL_TIM_Base_Start_IT)
    HAL_TIM_ConfigClockSource                0x080031bd   Thumb Code   220  stm32f1xx_hal_tim.o(i.HAL_TIM_ConfigClockSource)
    HAL_TIM_IC_CaptureCallback               0x08003299   Thumb Code     2  stm32f1xx_hal_tim.o(i.HAL_TIM_IC_CaptureCallback)
    HAL_TIM_IRQHandler                       0x0800329b   Thumb Code   358  stm32f1xx_hal_tim.o(i.HAL_TIM_IRQHandler)
    HAL_TIM_OC_DelayElapsedCallback          0x08003401   Thumb Code     2  stm32f1xx_hal_tim.o(i.HAL_TIM_OC_DelayElapsedCallback)
    HAL_TIM_PWM_PulseFinishedCallback        0x08003403   Thumb Code     2  stm32f1xx_hal_tim.o(i.HAL_TIM_PWM_PulseFinishedCallback)
    HAL_TIM_PeriodElapsedCallback            0x08003405   Thumb Code    20  main.o(i.HAL_TIM_PeriodElapsedCallback)
    HAL_TIM_TriggerCallback                  0x08003421   Thumb Code     2  stm32f1xx_hal_tim.o(i.HAL_TIM_TriggerCallback)
    HAL_UARTEx_RxEventCallback               0x08003423   Thumb Code     2  stm32f1xx_hal_uart.o(i.HAL_UARTEx_RxEventCallback)
    HAL_UART_ErrorCallback                   0x08003425   Thumb Code     2  stm32f1xx_hal_uart.o(i.HAL_UART_ErrorCallback)
    HAL_UART_IRQHandler                      0x08003429   Thumb Code   616  stm32f1xx_hal_uart.o(i.HAL_UART_IRQHandler)
    HAL_UART_Init                            0x08003695   Thumb Code   100  stm32f1xx_hal_uart.o(i.HAL_UART_Init)
    HAL_UART_MspInit                         0x080036f9   Thumb Code   114  stm32f1xx_hal_msp.o(i.HAL_UART_MspInit)
    HAL_UART_Receive_IT                      0x08003779   Thumb Code    28  stm32f1xx_hal_uart.o(i.HAL_UART_Receive_IT)
    HAL_UART_RxCpltCallback                  0x08003795   Thumb Code   144  main.o(i.HAL_UART_RxCpltCallback)
    HAL_UART_Transmit                        0x0800382d   Thumb Code   154  stm32f1xx_hal_uart.o(i.HAL_UART_Transmit)
    HAL_UART_TxCpltCallback                  0x080038c7   Thumb Code     2  stm32f1xx_hal_uart.o(i.HAL_UART_TxCpltCallback)
    HardFault_Handler                        0x080038c9   Thumb Code     2  stm32f1xx_it.o(i.HardFault_Handler)
    HumdTask                                 0x080038cd   Thumb Code    96  main.o(i.HumdTask)
    LCDTask                                  0x08003bf9   Thumb Code   122  main.o(i.LCDTask)
    LCD_I2C_Init                             0x08003c8d   Thumb Code   102  lcd_i2c.o(i.LCD_I2C_Init)
    LCD_I2C_Set_Cursor                       0x08003cf3   Thumb Code    20  lcd_i2c.o(i.LCD_I2C_Set_Cursor)
    LCD_I2C_WRITE_DATA                       0x08003d09   Thumb Code    60  lcd_i2c.o(i.LCD_I2C_WRITE_DATA)
    LCD_I2C_WRITE_NUMBER                     0x08003d49   Thumb Code    20  lcd_i2c.o(i.LCD_I2C_WRITE_NUMBER)
    LCD_I2C_WRITE_Num_f                      0x08003d61   Thumb Code    22  lcd_i2c.o(i.LCD_I2C_WRITE_Num_f)
    LCD_I2C_Write_CMD                        0x08003d81   Thumb Code    60  lcd_i2c.o(i.LCD_I2C_Write_CMD)
    LCD_I2C_Write_String                     0x08003dc1   Thumb Code    30  lcd_i2c.o(i.LCD_I2C_Write_String)
    MemManage_Handler                        0x08003ff5   Thumb Code     2  stm32f1xx_it.o(i.MemManage_Handler)
    NMI_Handler                              0x08003ff7   Thumb Code     2  stm32f1xx_it.o(i.NMI_Handler)
    SysTick_Handler                          0x08003ff9   Thumb Code    24  stm32f1xx_it.o(i.SysTick_Handler)
    SystemClock_Config                       0x08004011   Thumb Code   120  main.o(i.SystemClock_Config)
    SystemInit                               0x08004089   Thumb Code     2  system_stm32f1xx.o(i.SystemInit)
    TIM2_IRQHandler                          0x0800408d   Thumb Code     6  stm32f1xx_it.o(i.TIM2_IRQHandler)
    TIM_Base_SetConfig                       0x08004099   Thumb Code    94  stm32f1xx_hal_tim.o(i.TIM_Base_SetConfig)
    TIM_ETR_SetConfig                        0x08004105   Thumb Code    20  stm32f1xx_hal_tim.o(i.TIM_ETR_SetConfig)
    TempTask                                 0x08004171   Thumb Code    98  main.o(i.TempTask)
    UARTTask                                 0x080041dd   Thumb Code   522  main.o(i.UARTTask)
    UART_Start_Receive_IT                    0x08004635   Thumb Code    54  stm32f1xx_hal_uart.o(i.UART_Start_Receive_IT)
    USART2_IRQHandler                        0x080046e5   Thumb Code     6  stm32f1xx_it.o(i.USART2_IRQHandler)
    UsageFault_Handler                       0x080046f1   Thumb Code     2  stm32f1xx_it.o(i.UsageFault_Handler)
    WaitTask                                 0x080046f5   Thumb Code    66  main.o(i.WaitTask)
    __ARM_fpclassify                         0x0800473d   Thumb Code    40  fpclassify.o(i.__ARM_fpclassify)
    _is_digit                                0x08004785   Thumb Code    14  __printf_wp.o(i._is_digit)
    main                                     0x08004795   Thumb Code   358  main.o(i.main)
    osKernelInitialize                       0x08004955   Thumb Code    50  cmsis_os2.o(i.osKernelInitialize)
    osKernelStart                            0x0800498d   Thumb Code    58  cmsis_os2.o(i.osKernelStart)
    pvPortMalloc                             0x08005169   Thumb Code   210  heap_4.o(i.pvPortMalloc)
    pvTaskIncrementMutexHeldCount            0x08005241   Thumb Code    18  tasks.o(i.pvTaskIncrementMutexHeldCount)
    pxPortInitialiseStack                    0x08005259   Thumb Code    32  port.o(i.pxPortInitialiseStack)
    temp_convert                             0x0800527d   Thumb Code    36  temp.o(i.temp_convert)
    trans                                    0x080052b1   Thumb Code    26  main.o(i.trans)
    uxListRemove                             0x080052d1   Thumb Code    38  list.o(i.uxListRemove)
    uxTaskResetEventItemValue                0x080052f9   Thumb Code    20  tasks.o(i.uxTaskResetEventItemValue)
    vApplicationGetIdleTaskMemory            0x08005311   Thumb Code    16  cmsis_os2.o(i.vApplicationGetIdleTaskMemory)
    vApplicationGetTimerTaskMemory           0x08005325   Thumb Code    18  cmsis_os2.o(i.vApplicationGetTimerTaskMemory)
    vEventGroupSetBitsCallback               0x0800533d   Thumb Code     4  event_groups.o(i.vEventGroupSetBitsCallback)
    vListInitialise                          0x08005341   Thumb Code    22  list.o(i.vListInitialise)
    vListInitialiseItem                      0x08005357   Thumb Code     6  list.o(i.vListInitialiseItem)
    vListInsert                              0x0800535d   Thumb Code    48  list.o(i.vListInsert)
    vListInsertEnd                           0x0800538d   Thumb Code    24  list.o(i.vListInsertEnd)
    vPortEnterCritical                       0x080053a5   Thumb Code    54  port.o(i.vPortEnterCritical)
    vPortExitCritical                        0x080053e5   Thumb Code    34  port.o(i.vPortExitCritical)
    vPortFree                                0x0800540d   Thumb Code    88  heap_4.o(i.vPortFree)
    vPortSetupTimerInterrupt                 0x08005469   Thumb Code    32  port.o(i.vPortSetupTimerInterrupt)
    vPortValidateInterruptPriority           0x0800548d   Thumb Code    74  port.o(i.vPortValidateInterruptPriority)
    vQueueAddToRegistry                      0x080054e1   Thumb Code    34  queue.o(i.vQueueAddToRegistry)
    vQueueWaitForMessageRestricted           0x08005509   Thumb Code    68  queue.o(i.vQueueWaitForMessageRestricted)
    vTaskDelay                               0x0800554d   Thumb Code    66  tasks.o(i.vTaskDelay)
    vTaskInternalSetTimeOutState             0x08005599   Thumb Code    12  tasks.o(i.vTaskInternalSetTimeOutState)
    vTaskMissedYield                         0x080055a9   Thumb Code     8  tasks.o(i.vTaskMissedYield)
    vTaskPlaceOnEventList                    0x080055b5   Thumb Code    44  tasks.o(i.vTaskPlaceOnEventList)
    vTaskPlaceOnEventListRestricted          0x080055e5   Thumb Code    52  tasks.o(i.vTaskPlaceOnEventListRestricted)
    vTaskPlaceOnUnorderedEventList           0x0800561d   Thumb Code    76  tasks.o(i.vTaskPlaceOnUnorderedEventList)
    vTaskPriorityDisinheritAfterTimeout      0x0800566d   Thumb Code   134  tasks.o(i.vTaskPriorityDisinheritAfterTimeout)
    vTaskRemoveFromUnorderedEventList        0x080056fd   Thumb Code   102  tasks.o(i.vTaskRemoveFromUnorderedEventList)
    vTaskStartScheduler                      0x0800576d   Thumb Code   118  tasks.o(i.vTaskStartScheduler)
    vTaskSuspendAll                          0x080057f5   Thumb Code    10  tasks.o(i.vTaskSuspendAll)
    vTaskSwitchContext                       0x08005805   Thumb Code    90  tasks.o(i.vTaskSwitchContext)
    vTimerCallback                           0x08005869   Thumb Code    16  main.o(i.vTimerCallback)
    xEventGroupCreate                        0x0800587d   Thumb Code    28  event_groups.o(i.xEventGroupCreate)
    xEventGroupSetBits                       0x08005899   Thumb Code   140  event_groups.o(i.xEventGroupSetBits)
    xEventGroupSetBitsFromISR                0x08005925   Thumb Code    12  event_groups.o(i.xEventGroupSetBitsFromISR)
    xEventGroupWaitBits                      0x08005935   Thumb Code   260  event_groups.o(i.xEventGroupWaitBits)
    xPortStartScheduler                      0x08005a3d   Thumb Code   154  port.o(i.xPortStartScheduler)
    xPortSysTickHandler                      0x08005ae5   Thumb Code    38  port.o(i.xPortSysTickHandler)
    xQueueGenericCreate                      0x08005b11   Thumb Code    72  queue.o(i.xQueueGenericCreate)
    xQueueGenericCreateStatic                0x08005b59   Thumb Code   102  queue.o(i.xQueueGenericCreateStatic)
    xQueueGenericReset                       0x08005bc1   Thumb Code   132  queue.o(i.xQueueGenericReset)
    xQueueGenericSend                        0x08005c49   Thumb Code   346  queue.o(i.xQueueGenericSend)
    xQueueGenericSendFromISR                 0x08005da9   Thumb Code   188  queue.o(i.xQueueGenericSendFromISR)
    xQueueReceive                            0x08005e65   Thumb Code   308  queue.o(i.xQueueReceive)
    xQueueSemaphoreTake                      0x08005f9d   Thumb Code   372  queue.o(i.xQueueSemaphoreTake)
    xTaskCheckForTimeOut                     0x08006115   Thumb Code   112  tasks.o(i.xTaskCheckForTimeOut)
    xTaskCreate                              0x08006189   Thumb Code    90  tasks.o(i.xTaskCreate)
    xTaskCreateStatic                        0x080061e3   Thumb Code    86  tasks.o(i.xTaskCreateStatic)
    xTaskGetSchedulerState                   0x08006239   Thumb Code    22  tasks.o(i.xTaskGetSchedulerState)
    xTaskGetTickCount                        0x08006255   Thumb Code     6  tasks.o(i.xTaskGetTickCount)
    xTaskIncrementTick                       0x08006261   Thumb Code   190  tasks.o(i.xTaskIncrementTick)
    xTaskPriorityDisinherit                  0x08006329   Thumb Code   118  tasks.o(i.xTaskPriorityDisinherit)
    xTaskPriorityInherit                     0x080063a9   Thumb Code   112  tasks.o(i.xTaskPriorityInherit)
    xTaskRemoveFromEventList                 0x08006421   Thumb Code    98  tasks.o(i.xTaskRemoveFromEventList)
    xTaskResumeAll                           0x08006491   Thumb Code   182  tasks.o(i.xTaskResumeAll)
    xTimerCreate                             0x08006555   Thumb Code    52  timers.o(i.xTimerCreate)
    xTimerCreateTimerTask                    0x08006589   Thumb Code    78  timers.o(i.xTimerCreateTimerTask)
    xTimerGenericCommand                     0x080065e9   Thumb Code    98  timers.o(i.xTimerGenericCommand)
    xTimerPendFunctionCallFromISR            0x08006651   Thumb Code    34  timers.o(i.xTimerPendFunctionCallFromISR)
    _get_lc_numeric                          0x08006679   Thumb Code    44  lc_numeric_c.o(locale$$code)
    _get_lc_ctype                            0x080066a5   Thumb Code    44  lc_ctype_c.o(locale$$code)
    __aeabi_ddiv                             0x080066d1   Thumb Code     0  ddiv.o(x$fpl$ddiv)
    _ddiv                                    0x080066d1   Thumb Code   552  ddiv.o(x$fpl$ddiv)
    __aeabi_ui2d                             0x08006981   Thumb Code     0  dflt_clz.o(x$fpl$dfltu)
    _dfltu                                   0x08006981   Thumb Code    38  dflt_clz.o(x$fpl$dfltu)
    __aeabi_dmul                             0x080069a9   Thumb Code     0  dmul.o(x$fpl$dmul)
    _dmul                                    0x080069a9   Thumb Code   332  dmul.o(x$fpl$dmul)
    __fpl_dnaninf                            0x08006afd   Thumb Code   156  dnaninf.o(x$fpl$dnaninf)
    __fpl_dretinf                            0x08006b99   Thumb Code    12  dretinf.o(x$fpl$dretinf)
    _printf_fp_dec                           0x08006ba5   Thumb Code     4  printf1.o(x$fpl$printf1)
    __I$use$fp                               0x08006ba8   Number         0  usenofp.o(x$fpl$usenofp)
    AHBPrescTable                            0x08006bba   Data          16  system_stm32f1xx.o(.constdata)
    APBPrescTable                            0x08006bca   Data           8  system_stm32f1xx.o(.constdata)
    Region$$Table$$Base                      0x08006c68   Number         0  anon$$obj.o(Region$$Table)
    Region$$Table$$Limit                     0x08006c88   Number         0  anon$$obj.o(Region$$Table)
    __ctype                                  0x08006cb1   Data           0  lc_ctype_c.o(locale$$data)
    Mode                                     0x20000000   Data           1  main.o(.data)
    ucRxFlag                                 0x20000001   Data           1  main.o(.data)
    ucRxCnt                                  0x20000002   Data           1  main.o(.data)
    flag_Humd_UART                           0x20000003   Data           1  main.o(.data)
    flag_Temp_UART                           0x20000004   Data           1  main.o(.data)
    period                                   0x20000005   Data           1  main.o(.data)
    ucRxData                                 0x20000006   Data           1  main.o(.data)
    turn                                     0x20000008   Data           2  main.o(.data)
    a                                        0x2000000c   Data           4  main.o(.data)
    b                                        0x20000010   Data           4  main.o(.data)
    frequency                                0x20000020   Data           4  main.o(.data)
    HumdHandle                               0x20000024   Data           4  main.o(.data)
    WaitHandle                               0x20000028   Data           4  main.o(.data)
    TempHandle                               0x2000002c   Data           4  main.o(.data)
    LCDHandle                                0x20000030   Data           4  main.o(.data)
    UARTHandle                               0x20000034   Data           4  main.o(.data)
    xTimers                                  0x20000038   Data           4  main.o(.data)
    HumdWait                                 0x2000003c   Data           4  main.o(.data)
    TempWait                                 0x20000040   Data           4  main.o(.data)
    xQueue_data                              0x20000044   Data           4  main.o(.data)
    UARTSemaphore                            0x20000048   Data           4  main.o(.data)
    DISPLAY_GROUP                            0x2000004c   Data           4  main.o(.data)
    ucRxBuffer                               0x20000050   Data           6  main.o(.data)
    uwTickFreq                               0x20000058   Data           1  stm32f1xx_hal.o(.data)
    uwTickPrio                               0x2000005c   Data           4  stm32f1xx_hal.o(.data)
    uwTick                                   0x20000060   Data           4  stm32f1xx_hal.o(.data)
    SystemCoreClock                          0x20000064   Data           4  system_stm32f1xx.o(.data)
    pxCurrentTCB                             0x20000068   Data           4  tasks.o(.data)
    hadc1                                    0x20000100   Data          48  main.o(.bss)
    hi2c1                                    0x20000130   Data          84  main.o(.bss)
    htim1                                    0x20000184   Data          72  main.o(.bss)
    htim2                                    0x200001cc   Data          72  main.o(.bss)
    huart2                                   0x20000214   Data          72  main.o(.bss)
    xQueueRegistry                           0x2000025c   Data          64  queue.o(.bss)
    __libspace_start                         0x20002f30   Data          96  libspace.o(.bss)
    __temporary_stack_top$libspace           0x20002f90   Data           0  libspace.o(.bss)



==============================================================================

Memory Map of the image

  Image Entry point : 0x080000ed

  Load Region LR_IROM1 (Base: 0x08000000, Size: 0x00006e94, Max: 0x00010000, ABSOLUTE)

    Execution Region ER_IROM1 (Base: 0x08000000, Size: 0x00006db4, Max: 0x00010000, ABSOLUTE)

    Base Addr    Size         Type   Attr      Idx    E Section Name        Object

    0x08000000   0x000000ec   Data   RO            3    RESET               startup_stm32f103xb.o
    0x080000ec   0x00000008   Code   RO         5371  * !!!main             c_w.l(__main.o)
    0x080000f4   0x00000034   Code   RO         5619    !!!scatter          c_w.l(__scatter.o)
    0x08000128   0x0000001a   Code   RO         5621    !!handler_copy      c_w.l(__scatter_copy.o)
    0x08000142   0x00000002   PAD
    0x08000144   0x0000001c   Code   RO         5623    !!handler_zi        c_w.l(__scatter_zi.o)
    0x08000160   0x00000000   Code   RO         5354    .ARM.Collect$$_printf_percent$$00000000  c_w.l(_printf_percent.o)
    0x08000160   0x00000006   Code   RO         5353    .ARM.Collect$$_printf_percent$$00000003  c_w.l(_printf_f.o)
    0x08000166   0x00000006   Code   RO         5352    .ARM.Collect$$_printf_percent$$00000009  c_w.l(_printf_d.o)
    0x0800016c   0x00000004   Code   RO         5401    .ARM.Collect$$_printf_percent$$00000017  c_w.l(_printf_percent_end.o)
    0x08000170   0x00000002   Code   RO         5492    .ARM.Collect$$libinit$$00000000  c_w.l(libinit.o)
    0x08000172   0x00000000   Code   RO         5494    .ARM.Collect$$libinit$$00000002  c_w.l(libinit2.o)
    0x08000172   0x00000000   Code   RO         5496    .ARM.Collect$$libinit$$00000004  c_w.l(libinit2.o)
    0x08000172   0x00000000   Code   RO         5499    .ARM.Collect$$libinit$$0000000A  c_w.l(libinit2.o)
    0x08000172   0x00000000   Code   RO         5501    .ARM.Collect$$libinit$$0000000C  c_w.l(libinit2.o)
    0x08000172   0x00000000   Code   RO         5503    .ARM.Collect$$libinit$$0000000E  c_w.l(libinit2.o)
    0x08000172   0x00000006   Code   RO         5504    .ARM.Collect$$libinit$$0000000F  c_w.l(libinit2.o)
    0x08000178   0x00000000   Code   RO         5506    .ARM.Collect$$libinit$$00000011  c_w.l(libinit2.o)
    0x08000178   0x0000000c   Code   RO         5507    .ARM.Collect$$libinit$$00000012  c_w.l(libinit2.o)
    0x08000184   0x00000000   Code   RO         5508    .ARM.Collect$$libinit$$00000013  c_w.l(libinit2.o)
    0x08000184   0x00000000   Code   RO         5510    .ARM.Collect$$libinit$$00000015  c_w.l(libinit2.o)
    0x08000184   0x0000000a   Code   RO         5511    .ARM.Collect$$libinit$$00000016  c_w.l(libinit2.o)
    0x0800018e   0x00000000   Code   RO         5512    .ARM.Collect$$libinit$$00000017  c_w.l(libinit2.o)
    0x0800018e   0x00000000   Code   RO         5514    .ARM.Collect$$libinit$$00000019  c_w.l(libinit2.o)
    0x0800018e   0x00000000   Code   RO         5516    .ARM.Collect$$libinit$$0000001B  c_w.l(libinit2.o)
    0x0800018e   0x00000000   Code   RO         5518    .ARM.Collect$$libinit$$0000001D  c_w.l(libinit2.o)
    0x0800018e   0x00000000   Code   RO         5520    .ARM.Collect$$libinit$$0000001F  c_w.l(libinit2.o)
    0x0800018e   0x00000000   Code   RO         5522    .ARM.Collect$$libinit$$00000021  c_w.l(libinit2.o)
    0x0800018e   0x00000000   Code   RO         5524    .ARM.Collect$$libinit$$00000023  c_w.l(libinit2.o)
    0x0800018e   0x00000000   Code   RO         5526    .ARM.Collect$$libinit$$00000025  c_w.l(libinit2.o)
    0x0800018e   0x00000000   Code   RO         5530    .ARM.Collect$$libinit$$0000002C  c_w.l(libinit2.o)
    0x0800018e   0x00000000   Code   RO         5532    .ARM.Collect$$libinit$$0000002E  c_w.l(libinit2.o)
    0x0800018e   0x00000000   Code   RO         5534    .ARM.Collect$$libinit$$00000030  c_w.l(libinit2.o)
    0x0800018e   0x00000000   Code   RO         5536    .ARM.Collect$$libinit$$00000032  c_w.l(libinit2.o)
    0x0800018e   0x00000002   Code   RO         5537    .ARM.Collect$$libinit$$00000033  c_w.l(libinit2.o)
    0x08000190   0x00000002   Code   RO         5567    .ARM.Collect$$libshutdown$$00000000  c_w.l(libshutdown.o)
    0x08000192   0x00000000   Code   RO         5578    .ARM.Collect$$libshutdown$$00000002  c_w.l(libshutdown2.o)
    0x08000192   0x00000000   Code   RO         5580    .ARM.Collect$$libshutdown$$00000004  c_w.l(libshutdown2.o)
    0x08000192   0x00000000   Code   RO         5583    .ARM.Collect$$libshutdown$$00000007  c_w.l(libshutdown2.o)
    0x08000192   0x00000000   Code   RO         5586    .ARM.Collect$$libshutdown$$0000000A  c_w.l(libshutdown2.o)
    0x08000192   0x00000000   Code   RO         5588    .ARM.Collect$$libshutdown$$0000000C  c_w.l(libshutdown2.o)
    0x08000192   0x00000000   Code   RO         5591    .ARM.Collect$$libshutdown$$0000000F  c_w.l(libshutdown2.o)
    0x08000192   0x00000002   Code   RO         5592    .ARM.Collect$$libshutdown$$00000010  c_w.l(libshutdown2.o)
    0x08000194   0x00000000   Code   RO         5387    .ARM.Collect$$rtentry$$00000000  c_w.l(__rtentry.o)
    0x08000194   0x00000000   Code   RO         5417    .ARM.Collect$$rtentry$$00000002  c_w.l(__rtentry2.o)
    0x08000194   0x00000006   Code   RO         5429    .ARM.Collect$$rtentry$$00000004  c_w.l(__rtentry4.o)
    0x0800019a   0x00000000   Code   RO         5419    .ARM.Collect$$rtentry$$00000009  c_w.l(__rtentry2.o)
    0x0800019a   0x00000004   Code   RO         5420    .ARM.Collect$$rtentry$$0000000A  c_w.l(__rtentry2.o)
    0x0800019e   0x00000000   Code   RO         5422    .ARM.Collect$$rtentry$$0000000C  c_w.l(__rtentry2.o)
    0x0800019e   0x00000008   Code   RO         5423    .ARM.Collect$$rtentry$$0000000D  c_w.l(__rtentry2.o)
    0x080001a6   0x00000002   Code   RO         5538    .ARM.Collect$$rtexit$$00000000  c_w.l(rtexit.o)
    0x080001a8   0x00000000   Code   RO         5545    .ARM.Collect$$rtexit$$00000002  c_w.l(rtexit2.o)
    0x080001a8   0x00000004   Code   RO         5546    .ARM.Collect$$rtexit$$00000003  c_w.l(rtexit2.o)
    0x080001ac   0x00000006   Code   RO         5547    .ARM.Collect$$rtexit$$00000004  c_w.l(rtexit2.o)
    0x080001b2   0x00000002   PAD
    0x080001b4   0x00000096   Code   RO         5241    .emb_text           port.o
    0x0800024a   0x00000002   PAD
    0x0800024c   0x00000040   Code   RO            4    .text               startup_stm32f103xb.o
    0x0800028c   0x00000028   Code   RO         5324    .text               c_w.l(noretval__2sprintf.o)
    0x080002b4   0x0000004e   Code   RO         5328    .text               c_w.l(_printf_pad.o)
    0x08000302   0x00000002   PAD
    0x08000304   0x00000078   Code   RO         5330    .text               c_w.l(_printf_dec.o)
    0x0800037c   0x00000160   Code   RO         5347    .text               c_w.l(__printf_ss_wp.o)
    0x080004dc   0x0000001a   Code   RO         5355    .text               c_w.l(atoi.o)
    0x080004f6   0x0000003e   Code   RO         5357    .text               c_w.l(strlen.o)
    0x08000534   0x0000008a   Code   RO         5359    .text               c_w.l(rt_memcpy_v6.o)
    0x080005be   0x00000010   Code   RO         5363    .text               c_w.l(aeabi_memset.o)
    0x080005ce   0x0000004e   Code   RO         5365    .text               c_w.l(rt_memclr_w.o)
    0x0800061c   0x00000080   Code   RO         5367    .text               c_w.l(strcmpv7m.o)
    0x0800069c   0x00000006   Code   RO         5369    .text               c_w.l(heapauxi.o)
    0x080006a2   0x00000002   PAD
    0x080006a4   0x00000008   Code   RO         5391    .text               c_w.l(rt_errno_addr_intlibspace.o)
    0x080006ac   0x000000b2   Code   RO         5393    .text               c_w.l(_printf_intcommon.o)
    0x0800075e   0x0000041a   Code   RO         5395    .text               c_w.l(_printf_fp_dec.o)
    0x08000b78   0x00000030   Code   RO         5397    .text               c_w.l(_printf_char_common.o)
    0x08000ba8   0x0000000a   Code   RO         5399    .text               c_w.l(_sputc.o)
    0x08000bb2   0x00000070   Code   RO         5402    .text               c_w.l(strtol.o)
    0x08000c22   0x00000064   Code   RO         5404    .text               c_w.l(rt_memcpy_w.o)
    0x08000c86   0x00000044   Code   RO         5406    .text               c_w.l(rt_memclr.o)
    0x08000cca   0x00000002   PAD
    0x08000ccc   0x00000008   Code   RO         5413    .text               c_w.l(libspace.o)
    0x08000cd4   0x00000010   Code   RO         5431    .text               c_w.l(rt_ctype_table.o)
    0x08000ce4   0x00000008   Code   RO         5436    .text               c_w.l(rt_locale_intlibspace.o)
    0x08000cec   0x0000008a   Code   RO         5438    .text               c_w.l(lludiv10.o)
    0x08000d76   0x00000002   PAD
    0x08000d78   0x00000080   Code   RO         5440    .text               c_w.l(_printf_fp_infnan.o)
    0x08000df8   0x0000009e   Code   RO         5444    .text               c_w.l(_strtoul.o)
    0x08000e96   0x00000002   PAD
    0x08000e98   0x000000dc   Code   RO         5446    .text               c_w.l(bigflt0.o)
    0x08000f74   0x0000004a   Code   RO         5478    .text               c_w.l(sys_stackheap_outer.o)
    0x08000fbe   0x0000001c   Code   RO         5480    .text               c_w.l(_chval.o)
    0x08000fda   0x00000012   Code   RO         5485    .text               c_w.l(exit.o)
    0x08000fec   0x0000000c   Code   RO         5557    .text               c_w.l(sys_exit.o)
    0x08000ff8   0x00000002   Code   RO         5568    .text               c_w.l(use_no_semi.o)
    0x08000ffa   0x00000000   Code   RO         5570    .text               c_w.l(indicate_semi.o)
    0x08000ffa   0x0000003e   Code   RO         5449    CL$$btod_d2e        c_w.l(btod.o)
    0x08001038   0x00000046   Code   RO         5451    CL$$btod_d2e_denorm_low  c_w.l(btod.o)
    0x0800107e   0x00000060   Code   RO         5450    CL$$btod_d2e_norm_op1  c_w.l(btod.o)
    0x080010de   0x00000338   Code   RO         5459    CL$$btod_div_common  c_w.l(btod.o)
    0x08001416   0x000000c6   Code   RO         5456    CL$$btod_e2e        c_w.l(btod.o)
    0x080014dc   0x00000028   Code   RO         5453    CL$$btod_ediv       c_w.l(btod.o)
    0x08001504   0x00000028   Code   RO         5452    CL$$btod_emul       c_w.l(btod.o)
    0x0800152c   0x00000244   Code   RO         5458    CL$$btod_mult_common  c_w.l(btod.o)
    0x08001770   0x0000000c   Code   RO          451    i.ADC1_2_IRQHandler  stm32f1xx_it.o
    0x0800177c   0x00000056   Code   RO          647    i.ADC_ConversionStop_Disable  stm32f1xx_hal_adc.o
    0x080017d2   0x00000002   PAD
    0x080017d4   0x0000007c   Code   RO          651    i.ADC_Enable        stm32f1xx_hal_adc.o
    0x08001850   0x00000002   Code   RO          452    i.BusFault_Handler  stm32f1xx_it.o
    0x08001852   0x00000002   Code   RO          453    i.DebugMon_Handler  stm32f1xx_it.o
    0x08001854   0x00000008   Code   RO          454    i.EXTI15_10_IRQHandler  stm32f1xx_it.o
    0x0800185c   0x00000574   Code   RO          186    i.Get_Humd          humd.o
    0x08001dd0   0x00000070   Code   RO          243    i.Get_Time          main.o
    0x08001e40   0x00000002   Code   RO          829    i.HAL_ADCEx_InjectedConvCpltCallback  stm32f1xx_hal_adc_ex.o
    0x08001e42   0x00000002   PAD
    0x08001e44   0x000000fc   Code   RO          653    i.HAL_ADC_ConfigChannel  stm32f1xx_hal_adc.o
    0x08001f40   0x0000001c   Code   RO          244    i.HAL_ADC_ConvCpltCallback  main.o
    0x08001f5c   0x00000006   Code   RO          660    i.HAL_ADC_GetValue  stm32f1xx_hal_adc.o
    0x08001f62   0x000000dc   Code   RO          661    i.HAL_ADC_IRQHandler  stm32f1xx_hal_adc.o
    0x0800203e   0x00000002   PAD
    0x08002040   0x0000011c   Code   RO          662    i.HAL_ADC_Init      stm32f1xx_hal_adc.o
    0x0800215c   0x00000002   Code   RO          663    i.HAL_ADC_LevelOutOfWindowCallback  stm32f1xx_hal_adc.o
    0x0800215e   0x00000002   PAD
    0x08002160   0x00000068   Code   RO          540    i.HAL_ADC_MspInit   stm32f1xx_hal_msp.o
    0x080021c8   0x000000cc   Code   RO          670    i.HAL_ADC_Start_IT  stm32f1xx_hal_adc.o
    0x08002294   0x00000046   Code   RO         1304    i.HAL_DMA_Abort     stm32f1xx_hal_dma.o
    0x080022da   0x00000002   PAD
    0x080022dc   0x00000098   Code   RO         1305    i.HAL_DMA_Abort_IT  stm32f1xx_hal_dma.o
    0x08002374   0x00000024   Code   RO          930    i.HAL_Delay         stm32f1xx_hal.o
    0x08002398   0x00000030   Code   RO          245    i.HAL_GPIO_EXTI_Callback  main.o
    0x080023c8   0x00000018   Code   RO         1239    i.HAL_GPIO_EXTI_IRQHandler  stm32f1xx_hal_gpio.o
    0x080023e0   0x000001e0   Code   RO         1240    i.HAL_GPIO_Init     stm32f1xx_hal_gpio.o
    0x080025c0   0x0000000a   Code   RO         1244    i.HAL_GPIO_WritePin  stm32f1xx_hal_gpio.o
    0x080025ca   0x00000002   PAD
    0x080025cc   0x0000000c   Code   RO          934    i.HAL_GetTick       stm32f1xx_hal.o
    0x080025d8   0x00000188   Code   RO         1911    i.HAL_I2C_Init      stm32f1xx_hal_i2c.o
    0x08002760   0x0000012c   Code   RO         1924    i.HAL_I2C_Master_Transmit  stm32f1xx_hal_i2c.o
    0x0800288c   0x0000005c   Code   RO          542    i.HAL_I2C_MspInit   stm32f1xx_hal_msp.o
    0x080028e8   0x00000010   Code   RO          940    i.HAL_IncTick       stm32f1xx_hal.o
    0x080028f8   0x00000024   Code   RO          941    i.HAL_Init          stm32f1xx_hal.o
    0x0800291c   0x00000040   Code   RO          942    i.HAL_InitTick      stm32f1xx_hal.o
    0x0800295c   0x00000034   Code   RO          543    i.HAL_MspInit       stm32f1xx_hal_msp.o
    0x08002990   0x0000001a   Code   RO         1400    i.HAL_NVIC_EnableIRQ  stm32f1xx_hal_cortex.o
    0x080029aa   0x00000002   PAD
    0x080029ac   0x00000040   Code   RO         1406    i.HAL_NVIC_SetPriority  stm32f1xx_hal_cortex.o
    0x080029ec   0x00000024   Code   RO         1407    i.HAL_NVIC_SetPriorityGrouping  stm32f1xx_hal_cortex.o
    0x08002a10   0x000000ec   Code   RO         1202    i.HAL_RCCEx_PeriphCLKConfig  stm32f1xx_hal_rcc_ex.o
    0x08002afc   0x0000012c   Code   RO         1098    i.HAL_RCC_ClockConfig  stm32f1xx_hal_rcc.o
    0x08002c28   0x00000020   Code   RO         1105    i.HAL_RCC_GetPCLK1Freq  stm32f1xx_hal_rcc.o
    0x08002c48   0x00000020   Code   RO         1106    i.HAL_RCC_GetPCLK2Freq  stm32f1xx_hal_rcc.o
    0x08002c68   0x0000004c   Code   RO         1107    i.HAL_RCC_GetSysClockFreq  stm32f1xx_hal_rcc.o
    0x08002cb4   0x00000320   Code   RO         1110    i.HAL_RCC_OscConfig  stm32f1xx_hal_rcc.o
    0x08002fd4   0x00000028   Code   RO         1411    i.HAL_SYSTICK_Config  stm32f1xx_hal_cortex.o
    0x08002ffc   0x00000002   Code   RO         3043    i.HAL_TIMEx_BreakCallback  stm32f1xx_hal_tim_ex.o
    0x08002ffe   0x00000002   Code   RO         3044    i.HAL_TIMEx_CommutCallback  stm32f1xx_hal_tim_ex.o
    0x08003000   0x00000068   Code   RO         3062    i.HAL_TIMEx_MasterConfigSynchronization  stm32f1xx_hal_tim_ex.o
    0x08003068   0x0000005a   Code   RO         2339    i.HAL_TIM_Base_Init  stm32f1xx_hal_tim.o
    0x080030c2   0x00000002   PAD
    0x080030c4   0x00000050   Code   RO          545    i.HAL_TIM_Base_MspInit  stm32f1xx_hal_msp.o
    0x08003114   0x00000050   Code   RO         2342    i.HAL_TIM_Base_Start  stm32f1xx_hal_tim.o
    0x08003164   0x00000058   Code   RO         2344    i.HAL_TIM_Base_Start_IT  stm32f1xx_hal_tim.o
    0x080031bc   0x000000dc   Code   RO         2348    i.HAL_TIM_ConfigClockSource  stm32f1xx_hal_tim.o
    0x08003298   0x00000002   Code   RO         2373    i.HAL_TIM_IC_CaptureCallback  stm32f1xx_hal_tim.o
    0x0800329a   0x00000166   Code   RO         2387    i.HAL_TIM_IRQHandler  stm32f1xx_hal_tim.o
    0x08003400   0x00000002   Code   RO         2390    i.HAL_TIM_OC_DelayElapsedCallback  stm32f1xx_hal_tim.o
    0x08003402   0x00000002   Code   RO         2417    i.HAL_TIM_PWM_PulseFinishedCallback  stm32f1xx_hal_tim.o
    0x08003404   0x0000001c   Code   RO          246    i.HAL_TIM_PeriodElapsedCallback  main.o
    0x08003420   0x00000002   Code   RO         2430    i.HAL_TIM_TriggerCallback  stm32f1xx_hal_tim.o
    0x08003422   0x00000002   Code   RO         3322    i.HAL_UARTEx_RxEventCallback  stm32f1xx_hal_uart.o
    0x08003424   0x00000002   Code   RO         3336    i.HAL_UART_ErrorCallback  stm32f1xx_hal_uart.o
    0x08003426   0x00000002   PAD
    0x08003428   0x0000026c   Code   RO         3339    i.HAL_UART_IRQHandler  stm32f1xx_hal_uart.o
    0x08003694   0x00000064   Code   RO         3340    i.HAL_UART_Init     stm32f1xx_hal_uart.o
    0x080036f8   0x00000080   Code   RO          547    i.HAL_UART_MspInit  stm32f1xx_hal_msp.o
    0x08003778   0x0000001c   Code   RO         3345    i.HAL_UART_Receive_IT  stm32f1xx_hal_uart.o
    0x08003794   0x00000098   Code   RO          247    i.HAL_UART_RxCpltCallback  main.o
    0x0800382c   0x0000009a   Code   RO         3348    i.HAL_UART_Transmit  stm32f1xx_hal_uart.o
    0x080038c6   0x00000002   Code   RO         3351    i.HAL_UART_TxCpltCallback  stm32f1xx_hal_uart.o
    0x080038c8   0x00000002   Code   RO          455    i.HardFault_Handler  stm32f1xx_it.o
    0x080038ca   0x00000002   PAD
    0x080038cc   0x00000064   Code   RO          248    i.HumdTask          main.o
    0x08003930   0x0000002e   Code   RO         1954    i.I2C_IsAcknowledgeFailed  stm32f1xx_hal_i2c.o
    0x0800395e   0x00000002   PAD
    0x08003960   0x0000009c   Code   RO         1958    i.I2C_MasterRequestWrite  stm32f1xx_hal_i2c.o
    0x080039fc   0x00000056   Code   RO         1969    i.I2C_WaitOnBTFFlagUntilTimeout  stm32f1xx_hal_i2c.o
    0x08003a52   0x00000002   PAD
    0x08003a54   0x00000090   Code   RO         1970    i.I2C_WaitOnFlagUntilTimeout  stm32f1xx_hal_i2c.o
    0x08003ae4   0x000000bc   Code   RO         1971    i.I2C_WaitOnMasterAddressFlagUntilTimeout  stm32f1xx_hal_i2c.o
    0x08003ba0   0x00000056   Code   RO         1973    i.I2C_WaitOnTXEFlagUntilTimeout  stm32f1xx_hal_i2c.o
    0x08003bf6   0x00000002   PAD
    0x08003bf8   0x00000094   Code   RO          249    i.LCDTask           main.o
    0x08003c8c   0x00000066   Code   RO           14    i.LCD_I2C_Init      lcd_i2c.o
    0x08003cf2   0x00000014   Code   RO           15    i.LCD_I2C_Set_Cursor  lcd_i2c.o
    0x08003d06   0x00000002   PAD
    0x08003d08   0x00000040   Code   RO           16    i.LCD_I2C_WRITE_DATA  lcd_i2c.o
    0x08003d48   0x00000018   Code   RO           17    i.LCD_I2C_WRITE_NUMBER  lcd_i2c.o
    0x08003d60   0x00000020   Code   RO           18    i.LCD_I2C_WRITE_Num_f  lcd_i2c.o
    0x08003d80   0x00000040   Code   RO           19    i.LCD_I2C_Write_CMD  lcd_i2c.o
    0x08003dc0   0x0000001e   Code   RO           20    i.LCD_I2C_Write_String  lcd_i2c.o
    0x08003dde   0x00000002   PAD
    0x08003de0   0x00000050   Code   RO          250    i.MX_ADC1_Init      main.o
    0x08003e30   0x000000f4   Code   RO          251    i.MX_GPIO_Init      main.o
    0x08003f24   0x0000006c   Code   RO          252    i.MX_TIM1_Init      main.o
    0x08003f90   0x00000064   Code   RO          253    i.MX_TIM2_Init      main.o
    0x08003ff4   0x00000002   Code   RO          456    i.MemManage_Handler  stm32f1xx_it.o
    0x08003ff6   0x00000002   Code   RO          457    i.NMI_Handler       stm32f1xx_it.o
    0x08003ff8   0x00000018   Code   RO          458    i.SysTick_Handler   stm32f1xx_it.o
    0x08004010   0x00000078   Code   RO          254    i.SystemClock_Config  main.o
    0x08004088   0x00000002   Code   RO         3674    i.SystemInit        system_stm32f1xx.o
    0x0800408a   0x00000002   PAD
    0x0800408c   0x0000000c   Code   RO          459    i.TIM2_IRQHandler   stm32f1xx_it.o
    0x08004098   0x0000006c   Code   RO         2432    i.TIM_Base_SetConfig  stm32f1xx_hal_tim.o
    0x08004104   0x00000014   Code   RO         2443    i.TIM_ETR_SetConfig  stm32f1xx_hal_tim.o
    0x08004118   0x00000010   Code   RO         2444    i.TIM_ITRx_SetConfig  stm32f1xx_hal_tim.o
    0x08004128   0x00000022   Code   RO         2450    i.TIM_TI1_ConfigInputStage  stm32f1xx_hal_tim.o
    0x0800414a   0x00000024   Code   RO         2452    i.TIM_TI2_ConfigInputStage  stm32f1xx_hal_tim.o
    0x0800416e   0x00000002   PAD
    0x08004170   0x0000006c   Code   RO          255    i.TempTask          main.o
    0x080041dc   0x00000280   Code   RO          256    i.UARTTask          main.o
    0x0800445c   0x00000010   Code   RO         3353    i.UART_DMAAbortOnError  stm32f1xx_hal_uart.o
    0x0800446c   0x0000004e   Code   RO         3363    i.UART_EndRxTransfer  stm32f1xx_hal_uart.o
    0x080044ba   0x000000c2   Code   RO         3365    i.UART_Receive_IT   stm32f1xx_hal_uart.o
    0x0800457c   0x000000b8   Code   RO         3366    i.UART_SetConfig    stm32f1xx_hal_uart.o
    0x08004634   0x00000036   Code   RO         3368    i.UART_Start_Receive_IT  stm32f1xx_hal_uart.o
    0x0800466a   0x00000078   Code   RO         3369    i.UART_WaitOnFlagUntilTimeout  stm32f1xx_hal_uart.o
    0x080046e2   0x00000002   PAD
    0x080046e4   0x0000000c   Code   RO          460    i.USART2_IRQHandler  stm32f1xx_it.o
    0x080046f0   0x00000002   Code   RO          461    i.UsageFault_Handler  stm32f1xx_it.o
    0x080046f2   0x00000002   PAD
    0x080046f4   0x00000048   Code   RO          257    i.WaitTask          main.o
    0x0800473c   0x00000028   Code   RO         5476    i.__ARM_fpclassify  m_ws.l(fpclassify.o)
    0x08004764   0x00000020   Code   RO         1413    i.__NVIC_SetPriority  stm32f1xx_hal_cortex.o
    0x08004784   0x0000000e   Code   RO         5342    i._is_digit         c_w.l(__printf_wp.o)
    0x08004792   0x00000002   PAD
    0x08004794   0x000001c0   Code   RO          258    i.main              main.o
    0x08004954   0x00000038   Code   RO         4788    i.osKernelInitialize  cmsis_os2.o
    0x0800498c   0x00000040   Code   RO         4791    i.osKernelStart     cmsis_os2.o
    0x080049cc   0x0000005c   Code   RO         4270    i.prvAddCurrentTaskToDelayedList  tasks.o
    0x08004a28   0x000000d0   Code   RO         4271    i.prvAddNewTaskToReadyList  tasks.o
    0x08004af8   0x00000058   Code   RO         4620    i.prvCheckForValidListAndQueue  timers.o
    0x08004b50   0x00000026   Code   RO         3876    i.prvCopyDataFromQueue  queue.o
    0x08004b76   0x0000006c   Code   RO         3877    i.prvCopyDataToQueue  queue.o
    0x08004be2   0x00000034   Code   RO         4272    i.prvDeleteTCB      tasks.o
    0x08004c16   0x00000002   PAD
    0x08004c18   0x0000004c   Code   RO         5192    i.prvHeapInit       heap_4.o
    0x08004c64   0x00000060   Code   RO         4273    i.prvIdleTask       tasks.o
    0x08004cc4   0x00000022   Code   RO         3879    i.prvInitialiseNewQueue  queue.o
    0x08004ce6   0x0000009c   Code   RO         4274    i.prvInitialiseNewTask  tasks.o
    0x08004d82   0x00000044   Code   RO         4621    i.prvInitialiseNewTimer  timers.o
    0x08004dc6   0x00000002   PAD
    0x08004dc8   0x0000004c   Code   RO         5193    i.prvInsertBlockIntoFreeList  heap_4.o
    0x08004e14   0x00000038   Code   RO         4622    i.prvInsertTimerInActiveList  timers.o
    0x08004e4c   0x0000001c   Code   RO         3880    i.prvIsQueueEmpty   queue.o
    0x08004e68   0x000000cc   Code   RO         4623    i.prvProcessReceivedCommands  timers.o
    0x08004f34   0x000000b4   Code   RO         4624    i.prvProcessTimerOrBlockTask  timers.o
    0x08004fe8   0x00000020   Code   RO         4276    i.prvResetNextTaskUnblockTime  tasks.o
    0x08005008   0x00000028   Code   RO         4625    i.prvSampleTimeNow  timers.o
    0x08005030   0x0000006c   Code   RO         4626    i.prvSwitchTimerLists  timers.o
    0x0800509c   0x00000028   Code   RO         5242    i.prvTaskExitError  port.o
    0x080050c4   0x00000014   Code   RO         3717    i.prvTestWaitCondition  event_groups.o
    0x080050d8   0x00000024   Code   RO         4627    i.prvTimerTask      timers.o
    0x080050fc   0x0000006a   Code   RO         3881    i.prvUnlockQueue    queue.o
    0x08005166   0x00000002   PAD
    0x08005168   0x000000d8   Code   RO         5194    i.pvPortMalloc      heap_4.o
    0x08005240   0x00000018   Code   RO         4279    i.pvTaskIncrementMutexHeldCount  tasks.o
    0x08005258   0x00000024   Code   RO         5243    i.pxPortInitialiseStack  port.o
    0x0800527c   0x00000034   Code   RO          214    i.temp_convert      temp.o
    0x080052b0   0x00000020   Code   RO          259    i.trans             main.o
    0x080052d0   0x00000026   Code   RO         3836    i.uxListRemove      list.o
    0x080052f6   0x00000002   PAD
    0x080052f8   0x00000018   Code   RO         4287    i.uxTaskResetEventItemValue  tasks.o
    0x08005310   0x00000014   Code   RO         4837    i.vApplicationGetIdleTaskMemory  cmsis_os2.o
    0x08005324   0x00000018   Code   RO         4838    i.vApplicationGetTimerTaskMemory  cmsis_os2.o
    0x0800533c   0x00000004   Code   RO         3721    i.vEventGroupSetBitsCallback  event_groups.o
    0x08005340   0x00000016   Code   RO         3837    i.vListInitialise   list.o
    0x08005356   0x00000006   Code   RO         3838    i.vListInitialiseItem  list.o
    0x0800535c   0x00000030   Code   RO         3839    i.vListInsert       list.o
    0x0800538c   0x00000018   Code   RO         3840    i.vListInsertEnd    list.o
    0x080053a4   0x00000040   Code   RO         5245    i.vPortEnterCritical  port.o
    0x080053e4   0x00000028   Code   RO         5246    i.vPortExitCritical  port.o
    0x0800540c   0x0000005c   Code   RO         5195    i.vPortFree         heap_4.o
    0x08005468   0x00000024   Code   RO         5247    i.vPortSetupTimerInterrupt  port.o
    0x0800548c   0x00000054   Code   RO         5248    i.vPortValidateInterruptPriority  port.o
    0x080054e0   0x00000028   Code   RO         3887    i.vQueueAddToRegistry  queue.o
    0x08005508   0x00000044   Code   RO         3891    i.vQueueWaitForMessageRestricted  queue.o
    0x0800554c   0x0000004c   Code   RO         4288    i.vTaskDelay        tasks.o
    0x08005598   0x00000010   Code   RO         4293    i.vTaskInternalSetTimeOutState  tasks.o
    0x080055a8   0x0000000c   Code   RO         4294    i.vTaskMissedYield  tasks.o
    0x080055b4   0x00000030   Code   RO         4296    i.vTaskPlaceOnEventList  tasks.o
    0x080055e4   0x00000038   Code   RO         4297    i.vTaskPlaceOnEventListRestricted  tasks.o
    0x0800561c   0x00000050   Code   RO         4298    i.vTaskPlaceOnUnorderedEventList  tasks.o
    0x0800566c   0x00000090   Code   RO         4299    i.vTaskPriorityDisinheritAfterTimeout  tasks.o
    0x080056fc   0x00000070   Code   RO         4301    i.vTaskRemoveFromUnorderedEventList  tasks.o
    0x0800576c   0x00000088   Code   RO         4305    i.vTaskStartScheduler  tasks.o
    0x080057f4   0x00000010   Code   RO         4307    i.vTaskSuspendAll   tasks.o
    0x08005804   0x00000064   Code   RO         4308    i.vTaskSwitchContext  tasks.o
    0x08005868   0x00000014   Code   RO          260    i.vTimerCallback    main.o
    0x0800587c   0x0000001c   Code   RO         3725    i.xEventGroupCreate  event_groups.o
    0x08005898   0x0000008c   Code   RO         3728    i.xEventGroupSetBits  event_groups.o
    0x08005924   0x00000010   Code   RO         3729    i.xEventGroupSetBitsFromISR  event_groups.o
    0x08005934   0x00000108   Code   RO         3731    i.xEventGroupWaitBits  event_groups.o
    0x08005a3c   0x000000a8   Code   RO         5249    i.xPortStartScheduler  port.o
    0x08005ae4   0x0000002c   Code   RO         5250    i.xPortSysTickHandler  port.o
    0x08005b10   0x00000048   Code   RO         3896    i.xQueueGenericCreate  queue.o
    0x08005b58   0x00000066   Code   RO         3897    i.xQueueGenericCreateStatic  queue.o
    0x08005bbe   0x00000002   PAD
    0x08005bc0   0x00000088   Code   RO         3898    i.xQueueGenericReset  queue.o
    0x08005c48   0x00000160   Code   RO         3899    i.xQueueGenericSend  queue.o
    0x08005da8   0x000000bc   Code   RO         3900    i.xQueueGenericSendFromISR  queue.o
    0x08005e64   0x00000138   Code   RO         3909    i.xQueueReceive     queue.o
    0x08005f9c   0x00000178   Code   RO         3911    i.xQueueSemaphoreTake  queue.o
    0x08006114   0x00000074   Code   RO         4309    i.xTaskCheckForTimeOut  tasks.o
    0x08006188   0x0000005a   Code   RO         4310    i.xTaskCreate       tasks.o
    0x080061e2   0x00000056   Code   RO         4311    i.xTaskCreateStatic  tasks.o
    0x08006238   0x0000001c   Code   RO         4315    i.xTaskGetSchedulerState  tasks.o
    0x08006254   0x0000000c   Code   RO         4316    i.xTaskGetTickCount  tasks.o
    0x08006260   0x000000c8   Code   RO         4318    i.xTaskIncrementTick  tasks.o
    0x08006328   0x00000080   Code   RO         4321    i.xTaskPriorityDisinherit  tasks.o
    0x080063a8   0x00000078   Code   RO         4322    i.xTaskPriorityInherit  tasks.o
    0x08006420   0x00000070   Code   RO         4323    i.xTaskRemoveFromEventList  tasks.o
    0x08006490   0x000000c4   Code   RO         4324    i.xTaskResumeAll    tasks.o
    0x08006554   0x00000034   Code   RO         4632    i.xTimerCreate      timers.o
    0x08006588   0x00000060   Code   RO         4634    i.xTimerCreateTimerTask  timers.o
    0x080065e8   0x00000068   Code   RO         4635    i.xTimerGenericCommand  timers.o
    0x08006650   0x00000028   Code   RO         4641    i.xTimerPendFunctionCallFromISR  timers.o
    0x08006678   0x0000002c   Code   RO         5472    locale$$code        c_w.l(lc_numeric_c.o)
    0x080066a4   0x0000002c   Code   RO         5483    locale$$code        c_w.l(lc_ctype_c.o)
    0x080066d0   0x000002b0   Code   RO         5374    x$fpl$ddiv          fz_ws.l(ddiv.o)
    0x08006980   0x00000026   Code   RO         5377    x$fpl$dfltu         fz_ws.l(dflt_clz.o)
    0x080069a6   0x00000002   PAD
    0x080069a8   0x00000154   Code   RO         5383    x$fpl$dmul          fz_ws.l(dmul.o)
    0x08006afc   0x0000009c   Code   RO         5408    x$fpl$dnaninf       fz_ws.l(dnaninf.o)
    0x08006b98   0x0000000c   Code   RO         5410    x$fpl$dretinf       fz_ws.l(dretinf.o)
    0x08006ba4   0x00000004   Code   RO         5385    x$fpl$printf1       fz_ws.l(printf1.o)
    0x08006ba8   0x00000000   Code   RO         5412    x$fpl$usenofp       fz_ws.l(usenofp.o)
    0x08006ba8   0x00000012   Data   RO         1111    .constdata          stm32f1xx_hal_rcc.o
    0x08006bba   0x00000010   Data   RO         3675    .constdata          system_stm32f1xx.o
    0x08006bca   0x00000008   Data   RO         3676    .constdata          system_stm32f1xx.o
    0x08006bd2   0x00000002   PAD
    0x08006bd4   0x00000094   Data   RO         5447    .constdata          c_w.l(bigflt0.o)
    0x08006c68   0x00000020   Data   RO         5617    Region$$Table       anon$$obj.o
    0x08006c88   0x0000001c   Data   RO         5471    locale$$data        c_w.l(lc_numeric_c.o)
    0x08006ca4   0x00000110   Data   RO         5482    locale$$data        c_w.l(lc_ctype_c.o)


    Execution Region RW_IRAM1 (Base: 0x20000000, Size: 0x00003590, Max: 0x00005000, ABSOLUTE)

    Base Addr    Size         Type   Attr      Idx    E Section Name        Object

    0x20000000   0x00000056   Data   RW          263    .data               main.o
    0x20000056   0x00000002   PAD
    0x20000058   0x0000000c   Data   RW          948    .data               stm32f1xx_hal.o
    0x20000064   0x00000004   Data   RW         3677    .data               system_stm32f1xx.o
    0x20000068   0x0000003c   Data   RW         4327    .data               tasks.o
    0x200000a4   0x00000014   Data   RW         4643    .data               timers.o
    0x200000b8   0x00000004   Data   RW         4840    .data               cmsis_os2.o
    0x200000bc   0x00000018   Data   RW         5200    .data               heap_4.o
    0x200000d4   0x0000000c   Data   RW         5251    .data               port.o
    0x200000e0   0x0000017c   Zero   RW          261    .bss                main.o
    0x2000025c   0x00000040   Zero   RW         3913    .bss                queue.o
    0x2000029c   0x000004c4   Zero   RW         4326    .bss                tasks.o
    0x20000760   0x00000118   Zero   RW         4642    .bss                timers.o
    0x20000878   0x000006b8   Zero   RW         4839    .bss                cmsis_os2.o
    0x20000f30   0x00002000   Zero   RW         5199    .bss                heap_4.o
    0x20002f30   0x00000060   Zero   RW         5414    .bss                c_w.l(libspace.o)
    0x20002f90   0x00000200   Zero   RW            2    HEAP                startup_stm32f103xb.o
    0x20003190   0x00000400   Zero   RW            1    STACK               startup_stm32f103xb.o


==============================================================================

Image component sizes


      Code (inc. data)   RO Data    RW Data    ZI Data      Debug   Object Name

       164         22          0          4       1720      12166   cmsis_os2.o
       472          8          0          0          0      24624   event_groups.o
       460         24          0         24       8192       4603   heap_4.o
      1396          0          0          0          0       1719   humd.o
       336         22          0          0          0     458735   lcd_i2c.o
       138          0          0          0          0       3330   list.o
      2588        380          0         86        380      30996   main.o
       662         70          0         12          0      10677   port.o
      1960         24          0          0         64      17032   queue.o
        64         26        236          0       1536        800   startup_stm32f103xb.o
       164         28          0         12          0       5813   stm32f1xx_hal.o
      1178         44          0          0          0       6723   stm32f1xx_hal_adc.o
         2          0          0          0          0       1037   stm32f1xx_hal_adc_ex.o
       198         14          0          0          0      28875   stm32f1xx_hal_cortex.o
       222          4          0          0          0       1735   stm32f1xx_hal_dma.o
       514         40          0          0          0       3439   stm32f1xx_hal_gpio.o
      1398         32          0          0          0       9017   stm32f1xx_hal_i2c.o
       456         50          0          0          0       3488   stm32f1xx_hal_msp.o
      1240         84         18          0          0       5048   stm32f1xx_hal_rcc.o
       236         12          0          0          0       1364   stm32f1xx_hal_rcc_ex.o
      1058         40          0          0          0      10226   stm32f1xx_hal_tim.o
       108         12          0          0          0       2357   stm32f1xx_hal_tim_ex.o
      1554         10          0          0          0      10744   stm32f1xx_hal_uart.o
        80         18          0          0          0       4712   stm32f1xx_it.o
         0          0          0          0          0       8884   stream_buffer.o
         2          0         24          4          0       1083   system_stm32f1xx.o
      2568        212          0         60       1220      27794   tasks.o
        52         16          0          0          0        523   temp.o
      1072         88          0         20        280      28450   timers.o

    ----------------------------------------------------------------------
     20392       1280        312        224      13392     725994   Object Totals
         0          0         32          0          0          0   (incl. Generated)
        50          0          2          2          0          0   (incl. Padding)

    ----------------------------------------------------------------------

      Code (inc. data)   RO Data    RW Data    ZI Data      Debug   Library Member Name

         8          0          0          0          0         68   __main.o
       352          0          0          0          0         88   __printf_ss_wp.o
        14          0          0          0          0         68   __printf_wp.o
         0          0          0          0          0          0   __rtentry.o
        12          0          0          0          0          0   __rtentry2.o
         6          0          0          0          0          0   __rtentry4.o
        52          8          0          0          0          0   __scatter.o
        26          0          0          0          0          0   __scatter_copy.o
        28          0          0          0          0          0   __scatter_zi.o
        28          0          0          0          0         68   _chval.o
        48          6          0          0          0         96   _printf_char_common.o
         6          0          0          0          0          0   _printf_d.o
       120         16          0          0          0         92   _printf_dec.o
         6          0          0          0          0          0   _printf_f.o
      1050          0          0          0          0        216   _printf_fp_dec.o
       128         16          0          0          0         84   _printf_fp_infnan.o
       178          0          0          0          0         88   _printf_intcommon.o
        78          0          0          0          0        108   _printf_pad.o
         0          0          0          0          0          0   _printf_percent.o
         4          0          0          0          0          0   _printf_percent_end.o
        10          0          0          0          0         68   _sputc.o
       158          0          0          0          0         92   _strtoul.o
        16          0          0          0          0         68   aeabi_memset.o
        26          0          0          0          0         80   atoi.o
       220          4        148          0          0         96   bigflt0.o
      1910        128          0          0          0        672   btod.o
        18          0          0          0          0         80   exit.o
         6          0          0          0          0        152   heapauxi.o
         0          0          0          0          0          0   indicate_semi.o
        44         10        272          0          0         76   lc_ctype_c.o
        44         10         28          0          0         76   lc_numeric_c.o
         2          0          0          0          0          0   libinit.o
        30          0          0          0          0          0   libinit2.o
         2          0          0          0          0          0   libshutdown.o
         2          0          0          0          0          0   libshutdown2.o
         8          4          0          0         96         68   libspace.o
       138          0          0          0          0         80   lludiv10.o
        40          6          0          0          0         84   noretval__2sprintf.o
        16          4          0          0          0         76   rt_ctype_table.o
         8          4          0          0          0         68   rt_errno_addr_intlibspace.o
         8          4          0          0          0         68   rt_locale_intlibspace.o
        68          0          0          0          0         68   rt_memclr.o
        78          0          0          0          0         80   rt_memclr_w.o
       138          0          0          0          0         68   rt_memcpy_v6.o
       100          0          0          0          0         80   rt_memcpy_w.o
         2          0          0          0          0          0   rtexit.o
        10          0          0          0          0          0   rtexit2.o
       128          0          0          0          0         68   strcmpv7m.o
        62          0          0          0          0         76   strlen.o
       112          0          0          0          0         88   strtol.o
        12          4          0          0          0         68   sys_exit.o
        74          0          0          0          0         80   sys_stackheap_outer.o
         2          0          0          0          0         68   use_no_semi.o
       688        140          0          0          0        208   ddiv.o
        38          0          0          0          0         68   dflt_clz.o
       340         12          0          0          0        104   dmul.o
       156          4          0          0          0         92   dnaninf.o
        12          0          0          0          0         68   dretinf.o
         4          0          0          0          0         68   printf1.o
         0          0          0          0          0          0   usenofp.o
        40          0          0          0          0         68   fpclassify.o

    ----------------------------------------------------------------------
      6932        380        448          0         96       4300   Library Totals
        18          0          0          0          0          0   (incl. Padding)

    ----------------------------------------------------------------------

      Code (inc. data)   RO Data    RW Data    ZI Data      Debug   Library Name

      5636        224        448          0         96       3624   c_w.l
      1238        156          0          0          0        608   fz_ws.l
        40          0          0          0          0         68   m_ws.l

    ----------------------------------------------------------------------
      6932        380        448          0         96       4300   Library Totals

    ----------------------------------------------------------------------

==============================================================================


      Code (inc. data)   RO Data    RW Data    ZI Data      Debug   

     27324       1660        760        224      13488     717966   Grand Totals
     27324       1660        760        224      13488     717966   ELF Image Totals
     27324       1660        760        224          0          0   ROM Totals

==============================================================================

    Total RO  Size (Code + RO Data)                28084 (  27.43kB)
    Total RW  Size (RW Data + ZI Data)             13712 (  13.39kB)
    Total ROM Size (Code + RO Data + RW Data)      28308 (  27.64kB)

==============================================================================

